Component: ARM Compiler 5.06 update 6 (build 750) Tool: armlink [4d35ed]

==============================================================================

Section Cross References

    startup_stm32f103xb.o(RESET) refers to startup_stm32f103xb.o(STACK) for __initial_sp
    startup_stm32f103xb.o(RESET) refers to startup_stm32f103xb.o(.text) for Reset_Handler
    startup_stm32f103xb.o(RESET) refers to stm32f1xx_it.o(i.NMI_Handler) for NMI_Handler
    startup_stm32f103xb.o(RESET) refers to stm32f1xx_it.o(i.HardFault_Handler) for HardFault_Handler
    startup_stm32f103xb.o(RESET) refers to stm32f1xx_it.o(i.MemManage_Handler) for MemManage_Handler
    startup_stm32f103xb.o(RESET) refers to stm32f1xx_it.o(i.BusFault_Handler) for BusFault_Handler
    startup_stm32f103xb.o(RESET) refers to stm32f1xx_it.o(i.UsageFault_Handler) for UsageFault_Handler
    startup_stm32f103xb.o(RESET) refers to stm32f1xx_it.o(i.SVC_Handler) for SVC_Handler
    startup_stm32f103xb.o(RESET) refers to stm32f1xx_it.o(i.DebugMon_Handler) for DebugMon_Handler
    startup_stm32f103xb.o(RESET) refers to stm32f1xx_it.o(i.PendSV_Handler) for PendSV_Handler
    startup_stm32f103xb.o(RESET) refers to stm32f1xx_it.o(i.SysTick_Handler) for SysTick_Handler
    startup_stm32f103xb.o(RESET) refers to stm32f1xx_it.o(i.RTC_IRQHandler) for RTC_IRQHandler
    startup_stm32f103xb.o(RESET) refers to stm32f1xx_it.o(i.EXTI0_IRQHandler) for EXTI0_IRQHandler
    startup_stm32f103xb.o(RESET) refers to stm32f1xx_it.o(i.ADC1_2_IRQHandler) for ADC1_2_IRQHandler
    startup_stm32f103xb.o(RESET) refers to stm32f1xx_it.o(i.EXTI9_5_IRQHandler) for EXTI9_5_IRQHandler
    startup_stm32f103xb.o(RESET) refers to stm32f1xx_it.o(i.TIM4_IRQHandler) for TIM4_IRQHandler
    startup_stm32f103xb.o(.text) refers to system_stm32f1xx_1.o(i.SystemInit) for SystemInit
    startup_stm32f103xb.o(.text) refers to entry.o(.ARM.Collect$$$$00000000) for __main
    ssd1306.o(i.ssd1306_DrawPixel) refers to ssd1306.o(.data) for SSD1306
    ssd1306.o(i.ssd1306_DrawPixel) refers to ssd1306.o(.bss) for SSD1306_Buffer
    ssd1306.o(i.ssd1306_Fill) refers to ssd1306.o(.bss) for SSD1306_Buffer
    ssd1306.o(i.ssd1306_Init) refers to ssd1306.o(i.ssd1306_Reset) for ssd1306_Reset
    ssd1306.o(i.ssd1306_Init) refers to stm32f1xx_hal.o(i.HAL_Delay) for HAL_Delay
    ssd1306.o(i.ssd1306_Init) refers to ssd1306.o(i.ssd1306_WriteCommand) for ssd1306_WriteCommand
    ssd1306.o(i.ssd1306_Init) refers to ssd1306.o(i.ssd1306_Fill) for ssd1306_Fill
    ssd1306.o(i.ssd1306_Init) refers to ssd1306.o(i.ssd1306_UpdateScreen) for ssd1306_UpdateScreen
    ssd1306.o(i.ssd1306_Init) refers to ssd1306.o(.data) for SSD1306
    ssd1306.o(i.ssd1306_Reset) refers to stm32f1xx_hal_gpio.o(i.HAL_GPIO_WritePin) for HAL_GPIO_WritePin
    ssd1306.o(i.ssd1306_Reset) refers to stm32f1xx_hal.o(i.HAL_Delay) for HAL_Delay
    ssd1306.o(i.ssd1306_SetCursor) refers to ssd1306.o(.data) for SSD1306
    ssd1306.o(i.ssd1306_UpdateScreen) refers to ssd1306.o(i.ssd1306_WriteCommand) for ssd1306_WriteCommand
    ssd1306.o(i.ssd1306_UpdateScreen) refers to ssd1306.o(i.ssd1306_WriteData) for ssd1306_WriteData
    ssd1306.o(i.ssd1306_UpdateScreen) refers to ssd1306.o(.bss) for SSD1306_Buffer
    ssd1306.o(i.ssd1306_WriteChar) refers to ssd1306.o(i.ssd1306_DrawPixel) for ssd1306_DrawPixel
    ssd1306.o(i.ssd1306_WriteChar) refers to ssd1306.o(.data) for SSD1306
    ssd1306.o(i.ssd1306_WriteCommand) refers to stm32f1xx_hal_gpio.o(i.HAL_GPIO_WritePin) for HAL_GPIO_WritePin
    ssd1306.o(i.ssd1306_WriteCommand) refers to stm32f1xx_hal_spi.o(i.HAL_SPI_Transmit) for HAL_SPI_Transmit
    ssd1306.o(i.ssd1306_WriteCommand) refers to main.o(.bss) for hspi2
    ssd1306.o(i.ssd1306_WriteData) refers to stm32f1xx_hal_gpio.o(i.HAL_GPIO_WritePin) for HAL_GPIO_WritePin
    ssd1306.o(i.ssd1306_WriteData) refers to stm32f1xx_hal_spi.o(i.HAL_SPI_Transmit) for HAL_SPI_Transmit
    ssd1306.o(i.ssd1306_WriteData) refers to main.o(.bss) for hspi2
    ssd1306.o(i.ssd1306_WriteString) refers to ssd1306.o(i.ssd1306_WriteChar) for ssd1306_WriteChar
    ssd1306_fonts.o(.data) refers to ssd1306_fonts.o(.constdata) for Font7x10
    ssd1306_tests.o(i.ssd1306_TestAll) refers to ssd1306.o(i.ssd1306_Init) for ssd1306_Init
    ssd1306_tests.o(i.ssd1306_TestAll) refers to ssd1306_tests.o(i.ssd1306_TestFPS) for ssd1306_TestFPS
    ssd1306_tests.o(i.ssd1306_TestAll) refers to stm32f1xx_hal.o(i.HAL_Delay) for HAL_Delay
    ssd1306_tests.o(i.ssd1306_TestAll) refers to ssd1306_tests.o(i.ssd1306_TestBorder) for ssd1306_TestBorder
    ssd1306_tests.o(i.ssd1306_TestAll) refers to ssd1306_tests.o(i.ssd1306_TestFonts) for ssd1306_TestFonts
    ssd1306_tests.o(i.ssd1306_TestBorder) refers to ssd1306.o(i.ssd1306_Fill) for ssd1306_Fill
    ssd1306_tests.o(i.ssd1306_TestBorder) refers to stm32f1xx_hal.o(i.HAL_GetTick) for HAL_GetTick
    ssd1306_tests.o(i.ssd1306_TestBorder) refers to ssd1306.o(i.ssd1306_DrawPixel) for ssd1306_DrawPixel
[...]
    Removing stm32f1xx_hal_pwr.o(.revsh_text), (4 bytes).
    Removing stm32f1xx_hal_pwr.o(.rrx_text), (6 bytes).
    Removing stm32f1xx_hal_pwr.o(i.HAL_PWR_ConfigPVD), (180 bytes).
    Removing stm32f1xx_hal_pwr.o(i.HAL_PWR_DeInit), (28 bytes).
    Removing stm32f1xx_hal_pwr.o(i.HAL_PWR_DisableBkUpAccess), (12 bytes).
    Removing stm32f1xx_hal_pwr.o(i.HAL_PWR_DisablePVD), (12 bytes).
    Removing stm32f1xx_hal_pwr.o(i.HAL_PWR_DisableSEVOnPend), (20 bytes).
    Removing stm32f1xx_hal_pwr.o(i.HAL_PWR_DisableWakeUpPin), (28 bytes).
    Removing stm32f1xx_hal_pwr.o(i.HAL_PWR_EnablePVD), (12 bytes).
    Removing stm32f1xx_hal_pwr.o(i.HAL_PWR_EnableSEVOnPend), (20 bytes).
    Removing stm32f1xx_hal_pwr.o(i.HAL_PWR_EnableSleepOnExit), (20 bytes).
    Removing stm32f1xx_hal_pwr.o(i.HAL_PWR_EnableWakeUpPin), (28 bytes).
    Removing stm32f1xx_hal_pwr.o(i.HAL_PWR_EnterSLEEPMode), (32 bytes).
    Removing stm32f1xx_hal_pwr.o(i.HAL_PWR_EnterSTANDBYMode), (40 bytes).
    Removing stm32f1xx_hal_pwr.o(i.HAL_PWR_PVDCallback), (2 bytes).
    Removing stm32f1xx_hal_pwr.o(i.HAL_PWR_PVD_IRQHandler), (32 bytes).
    Removing stm32f1xx_hal_flash.o(.rev16_text), (4 bytes).
    Removing stm32f1xx_hal_flash.o(.revsh_text), (4 bytes).
    Removing stm32f1xx_hal_flash.o(.rrx_text), (6 bytes).
    Removing stm32f1xx_hal_flash.o(i.FLASH_Program_HalfWord), (32 bytes).
    Removing stm32f1xx_hal_flash.o(i.FLASH_SetErrorCode), (132 bytes).
    Removing stm32f1xx_hal_flash.o(i.FLASH_WaitForLastOperation), (112 bytes).
    Removing stm32f1xx_hal_flash.o(i.HAL_FLASH_EndOfOperationCallback), (2 bytes).
    Removing stm32f1xx_hal_flash.o(i.HAL_FLASH_GetError), (12 bytes).
    Removing stm32f1xx_hal_flash.o(i.HAL_FLASH_IRQHandler), (384 bytes).
    Removing stm32f1xx_hal_flash.o(i.HAL_FLASH_Lock), (20 bytes).
    Removing stm32f1xx_hal_flash.o(i.HAL_FLASH_OB_Launch), (8 bytes).
    Removing stm32f1xx_hal_flash.o(i.HAL_FLASH_OB_Lock), (20 bytes).
    Removing stm32f1xx_hal_flash.o(i.HAL_FLASH_OB_Unlock), (44 bytes).
    Removing stm32f1xx_hal_flash.o(i.HAL_FLASH_OperationErrorCallback), (2 bytes).
    Removing stm32f1xx_hal_flash.o(i.HAL_FLASH_Program), (176 bytes).
    Removing stm32f1xx_hal_flash.o(i.HAL_FLASH_Program_IT), (124 bytes).
    Removing stm32f1xx_hal_flash.o(i.HAL_FLASH_Unlock), (48 bytes).
    Removing stm32f1xx_hal_flash.o(.bss), (32 bytes).
    Removing stm32f1xx_hal_flash_ex.o(.rev16_text), (4 bytes).
    Removing stm32f1xx_hal_flash_ex.o(.revsh_text), (4 bytes).
    Removing stm32f1xx_hal_flash_ex.o(.rrx_text), (6 bytes).
    Removing stm32f1xx_hal_flash_ex.o(i.FLASH_MassErase), (40 bytes).
    Removing stm32f1xx_hal_flash_ex.o(i.FLASH_OB_DisableWRP), (232 bytes).
    Removing stm32f1xx_hal_flash_ex.o(i.FLASH_OB_EnableWRP), (236 bytes).
    Removing stm32f1xx_hal_flash_ex.o(i.FLASH_OB_GetRDP), (28 bytes).
    Removing stm32f1xx_hal_flash_ex.o(i.FLASH_OB_GetUser), (16 bytes).
    Removing stm32f1xx_hal_flash_ex.o(i.FLASH_OB_GetWRP), (12 bytes).
    Removing stm32f1xx_hal_flash_ex.o(i.FLASH_OB_ProgramData), (76 bytes).
    Removing stm32f1xx_hal_flash_ex.o(i.FLASH_OB_RDP_LevelConfig), (124 bytes).
    Removing stm32f1xx_hal_flash_ex.o(i.FLASH_OB_UserConfig), (84 bytes).
    Removing stm32f1xx_hal_flash_ex.o(i.FLASH_PageErase), (40 bytes).
    Removing stm32f1xx_hal_flash_ex.o(i.HAL_FLASHEx_Erase), (176 bytes).
    Removing stm32f1xx_hal_flash_ex.o(i.HAL_FLASHEx_Erase_IT), (100 bytes).
    Removing stm32f1xx_hal_flash_ex.o(i.HAL_FLASHEx_OBErase), (96 bytes).
    Removing stm32f1xx_hal_flash_ex.o(i.HAL_FLASHEx_OBGetConfig), (28 bytes).
    Removing stm32f1xx_hal_flash_ex.o(i.HAL_FLASHEx_OBGetUserData), (40 bytes).
    Removing stm32f1xx_hal_flash_ex.o(i.HAL_FLASHEx_OBProgram), (200 bytes).
    Removing system_stm32f1xx_1.o(.rev16_text), (4 bytes).
    Removing system_stm32f1xx_1.o(.revsh_text), (4 bytes).
    Removing system_stm32f1xx_1.o(.rrx_text), (6 bytes).
    Removing system_stm32f1xx_1.o(i.SystemCoreClockUpdate), (164 bytes).
    Removing ddiv.o(.text), (222 bytes).
    Removing fflti.o(.text), (18 bytes).
    Removing dfltui.o(.text), (26 bytes).
    Removing dfixi.o(.text), (62 bytes).
    Removing f2d.o(.text), (38 bytes).
    Removing fepilogue.o(.text), (110 bytes).
    Removing depilogue.o(.text), (186 bytes).
    Removing dadd.o(.text), (334 bytes).
    Removing dmul.o(.text), (228 bytes).
    Removing dfixul.o(.text), (48 bytes).
    Removing cdrcmple.o(.text), (48 bytes).

513 unused section(s) (total 47706 bytes) removed from the image.

==============================================================================

Image Symbol Table

    Local Symbols

    Symbol Name                              Value     Ov Type        Size  Object(Section)

    ../Drivers/STM32F1xx_HAL_Driver/Src/stm32f1xx_hal.c 0x00000000   Number         0  stm32f1xx_hal.o ABSOLUTE
    ../Drivers/STM32F1xx_HAL_Driver/Src/stm32f1xx_hal_adc.c 0x00000000   Number         0  stm32f1xx_hal_adc.o ABSOLUTE
    ../Drivers/STM32F1xx_HAL_Driver/Src/stm32f1xx_hal_adc_ex.c 0x00000000   Number         0  stm32f1xx_hal_adc_ex.o ABSOLUTE
    ../Drivers/STM32F1xx_HAL_Driver/Src/stm32f1xx_hal_cortex.c 0x00000000   Number         0  stm32f1xx_hal_cortex.o ABSOLUTE
    ../Drivers/STM32F1xx_HAL_Driver/Src/stm32f1xx_hal_dma.c 0x00000000   Number         0  stm32f1xx_hal_dma.o ABSOLUTE
    ../Drivers/STM32F1xx_HAL_Driver/Src/stm32f1xx_hal_flash.c 0x00000000   Number         0  stm32f1xx_hal_flash.o ABSOLUTE
    ../Drivers/STM32F1xx_HAL_Driver/Src/stm32f1xx_hal_flash_ex.c 0x00000000   Number         0  stm32f1xx_hal_flash_ex.o ABSOLUTE
    ../Drivers/STM32F1xx_HAL_Driver/Src/stm32f1xx_hal_gpio.c 0x00000000   Number         0  stm32f1xx_hal_gpio.o ABSOLUTE
    ../Drivers/STM32F1xx_HAL_Driver/Src/stm32f1xx_hal_gpio_ex.c 0x00000000   Number         0  stm32f1xx_hal_gpio_ex.o ABSOLUTE
    ../Drivers/STM32F1xx_HAL_Driver/Src/stm32f1xx_hal_i2c.c 0x00000000   Number         0  stm32f1xx_hal_i2c.o ABSOLUTE
    ../Drivers/STM32F1xx_HAL_Driver/Src/stm32f1xx_hal_pwr.c 0x00000000   Number         0  stm32f1xx_hal_pwr.o ABSOLUTE
    ../Drivers/STM32F1xx_HAL_Driver/Src/stm32f1xx_hal_rcc.c 0x00000000   Number         0  stm32f1xx_hal_rcc.o ABSOLUTE
    ../Drivers/STM32F1xx_HAL_Driver/Src/stm32f1xx_hal_rcc_ex.c 0x00000000   Number         0  stm32f1xx_hal_rcc_ex.o ABSOLUTE
    ../Drivers/STM32F1xx_HAL_Driver/Src/stm32f1xx_hal_rtc.c 0x00000000   Number         0  stm32f1xx_hal_rtc.o ABSOLUTE
    ../Drivers/STM32F1xx_HAL_Driver/Src/stm32f1xx_hal_rtc_ex.c 0x00000000   Number         0  stm32f1xx_hal_rtc_ex.o ABSOLUTE
    ../Drivers/STM32F1xx_HAL_Driver/Src/stm32f1xx_hal_spi.c 0x00000000   Number         0  stm32f1xx_hal_spi.o ABSOLUTE
    ../Drivers/STM32F1xx_HAL_Driver/Src/stm32f1xx_hal_spi_ex.c 0x00000000   Number         0  stm32f1xx_hal_spi_ex.o ABSOLUTE
    ../Drivers/STM32F1xx_HAL_Driver/Src/stm32f1xx_hal_tim.c 0x00000000   Number         0  stm32f1xx_hal_tim.o ABSOLUTE
    ../Drivers/STM32F1xx_HAL_Driver/Src/stm32f1xx_hal_tim_ex.c 0x00000000   Number         0  stm32f1xx_hal_tim_ex.o ABSOLUTE
    ../Src/main.c                            0x00000000   Number         0  main.o ABSOLUTE
    ../Src/stm32f1xx_hal_msp.c               0x00000000   Number         0  stm32f1xx_hal_msp.o ABSOLUTE
    ../Src/stm32f1xx_it.c                    0x00000000   Number         0  stm32f1xx_it.o ABSOLUTE
    ../Src/system_stm32f1xx.c                0x00000000   Number         0  system_stm32f1xx_1.o ABSOLUTE
    ../clib/microlib/division.c              0x00000000   Number         0  uldiv.o ABSOLUTE
    ../clib/microlib/division.c              0x00000000   Number         0  uidiv.o ABSOLUTE
    ../clib/microlib/init/entry.s            0x00000000   Number         0  entry8a.o ABSOLUTE
    ../clib/microlib/init/entry.s            0x00000000   Number         0  entry7b.o ABSOLUTE
    ../clib/microlib/init/entry.s            0x00000000   Number         0  entry7a.o ABSOLUTE
    ../clib/microlib/init/entry.s            0x00000000   Number         0  entry2.o ABSOLUTE
    ../clib/microlib/init/entry.s            0x00000000   Number         0  entry11a.o ABSOLUTE
    ../clib/microlib/init/entry.s            0x00000000   Number         0  entry5.o ABSOLUTE
    ../clib/microlib/init/entry.s            0x00000000   Number         0  entry11b.o ABSOLUTE
    ../clib/microlib/init/entry.s            0x00000000   Number         0  entry.o ABSOLUTE
    ../clib/microlib/init/entry.s            0x00000000   Number         0  entry10b.o ABSOLUTE
    ../clib/microlib/init/entry.s            0x00000000   Number         0  entry10a.o ABSOLUTE
    ../clib/microlib/init/entry.s            0x00000000   Number         0  entry9b.o ABSOLUTE
    ../clib/microlib/init/entry.s            0x00000000   Number         0  entry9a.o ABSOLUTE
    ../clib/microlib/init/entry.s            0x00000000   Number         0  entry8b.o ABSOLUTE
    ../clib/microlib/longlong.c              0x00000000   Number         0  llushr.o ABSOLUTE
    ../clib/microlib/longlong.c              0x00000000   Number         0  llshl.o ABSOLUTE
    ../clib/microlib/longlong.c              0x00000000   Number         0  llsshr.o ABSOLUTE
    ../clib/microlib/printf/printf.c         0x00000000   Number         0  printfa.o ABSOLUTE
    ../clib/microlib/printf/printf.c         0x00000000   Number         0  printf8.o ABSOLUTE
    ../clib/microlib/printf/printf.c         0x00000000   Number         0  printf7.o ABSOLUTE
    ../clib/microlib/printf/printf.c         0x00000000   Number         0  printf6.o ABSOLUTE
    ../clib/microlib/printf/printf.c         0x00000000   Number         0  printf5.o ABSOLUTE
    ../clib/microlib/printf/printf.c         0x00000000   Number         0  printf1.o ABSOLUTE
    ../clib/microlib/printf/printf.c         0x00000000   Number         0  printf2.o ABSOLUTE
    ../clib/microlib/printf/printf.c         0x00000000   Number         0  printf0.o ABSOLUTE
    ../clib/microlib/printf/printf.c         0x00000000   Number         0  printf3.o ABSOLUTE
    ../clib/microlib/printf/printf.c         0x00000000   Number         0  printf4.o ABSOLUTE
    ../clib/microlib/printf/printf.c         0x00000000   Number         0  printfb.o ABSOLUTE
    ../clib/microlib/printf/stubs.s          0x00000000   Number         0  stubs.o ABSOLUTE
    ../clib/microlib/stdio/fputc.c           0x00000000   Number         0  fputc.o ABSOLUTE
    ../clib/microlib/stdio/semi.s            0x00000000   Number         0  semi.o ABSOLUTE
    ../clib/microlib/stdio/streams.c         0x00000000   Number         0  stdout.o ABSOLUTE
    ../clib/microlib/string/memcpy.c         0x00000000   Number         0  memmovea.o ABSOLUTE
    ../clib/microlib/string/memcpy.c         0x00000000   Number         0  memmoveb.o ABSOLUTE
    ../clib/microlib/string/memset.c         0x00000000   Number         0  memseta.o ABSOLUTE
    ../clib/microlib/stubs.s                 0x00000000   Number         0  iusesemip.o ABSOLUTE
    ../clib/microlib/stubs.s                 0x00000000   Number         0  iusefp.o ABSOLUTE
    ../fplib/microlib/f2d.c                  0x00000000   Number         0  f2d.o ABSOLUTE
    ../fplib/microlib/fpadd.c                0x00000000   Number         0  dadd.o ABSOLUTE
    ../fplib/microlib/fpdiv.c                0x00000000   Number         0  ddiv.o ABSOLUTE
    ../fplib/microlib/fpepilogue.c           0x00000000   Number         0  depilogue.o ABSOLUTE
    ../fplib/microlib/fpepilogue.c           0x00000000   Number         0  fepilogue.o ABSOLUTE
    ../fplib/microlib/fpfix.c                0x00000000   Number         0  dfixi.o ABSOLUTE
    ../fplib/microlib/fpfix.c                0x00000000   Number         0  dfixul.o ABSOLUTE
    ../fplib/microlib/fpflt.c                0x00000000   Number         0  dfltui.o ABSOLUTE
    ../fplib/microlib/fpflt.c                0x00000000   Number         0  fflti.o ABSOLUTE
    ../fplib/microlib/fpmul.c                0x00000000   Number         0  dmul.o ABSOLUTE
    ..\Drivers\STM32F1xx_HAL_Driver\Src\stm32f1xx_hal.c 0x00000000   Number         0  stm32f1xx_hal.o ABSOLUTE
    ..\Drivers\STM32F1xx_HAL_Driver\Src\stm32f1xx_hal_adc.c 0x00000000   Number         0  stm32f1xx_hal_adc.o ABSOLUTE
    ..\Drivers\STM32F1xx_HAL_Driver\Src\stm32f1xx_hal_adc_ex.c 0x00000000   Number         0  stm32f1xx_hal_adc_ex.o ABSOLUTE
    ..\Drivers\STM32F1xx_HAL_Driver\Src\stm32f1xx_hal_cortex.c 0x00000000   Number         0  stm32f1xx_hal_cortex.o ABSOLUTE
    ..\Drivers\STM32F1xx_HAL_Driver\Src\stm32f1xx_hal_dma.c 0x00000000   Number         0  stm32f1xx_hal_dma.o ABSOLUTE
    ..\Drivers\STM32F1xx_HAL_Driver\Src\stm32f1xx_hal_flash.c 0x00000000   Number         0  stm32f1xx_hal_flash.o ABSOLUTE
    ..\Drivers\STM32F1xx_HAL_Driver\Src\stm32f1xx_hal_flash_ex.c 0x00000000   Number         0  stm32f1xx_hal_flash_ex.o ABSOLUTE
    ..\Drivers\STM32F1xx_HAL_Driver\Src\stm32f1xx_hal_gpio.c 0x00000000   Number         0  stm32f1xx_hal_gpio.o ABSOLUTE
    ..\Drivers\STM32F1xx_HAL_Driver\Src\stm32f1xx_hal_gpio_ex.c 0x00000000   Number         0  stm32f1xx_hal_gpio_ex.o ABSOLUTE
    ..\Drivers\STM32F1xx_HAL_Driver\Src\stm32f1xx_hal_i2c.c 0x00000000   Number         0  stm32f1xx_hal_i2c.o ABSOLUTE
    ..\Drivers\STM32F1xx_HAL_Driver\Src\stm32f1xx_hal_pwr.c 0x00000000   Number         0  stm32f1xx_hal_pwr.o ABSOLUTE
    ..\Drivers\STM32F1xx_HAL_Driver\Src\stm32f1xx_hal_rcc.c 0x00000000   Number         0  stm32f1xx_hal_rcc.o ABSOLUTE
    ..\Drivers\STM32F1xx_HAL_Driver\Src\stm32f1xx_hal_rcc_ex.c 0x00000000   Number         0  stm32f1xx_hal_rcc_ex.o ABSOLUTE
    ..\Drivers\STM32F1xx_HAL_Driver\Src\stm32f1xx_hal_rtc.c 0x00000000   Number         0  stm32f1xx_hal_rtc.o ABSOLUTE
    ..\Drivers\STM32F1xx_HAL_Driver\Src\stm32f1xx_hal_rtc_ex.c 0x00000000   Number         0  stm32f1xx_hal_rtc_ex.o ABSOLUTE
    ..\Drivers\STM32F1xx_HAL_Driver\Src\stm32f1xx_hal_spi.c 0x00000000   Number         0  stm32f1xx_hal_spi.o ABSOLUTE
    ..\Drivers\STM32F1xx_HAL_Driver\Src\stm32f1xx_hal_spi_ex.c 0x00000000   Number         0  stm32f1xx_hal_spi_ex.o ABSOLUTE
    ..\Drivers\STM32F1xx_HAL_Driver\Src\stm32f1xx_hal_tim.c 0x00000000   Number         0  stm32f1xx_hal_tim.o ABSOLUTE
    ..\Drivers\STM32F1xx_HAL_Driver\Src\stm32f1xx_hal_tim_ex.c 0x00000000   Number         0  stm32f1xx_hal_tim_ex.o ABSOLUTE
    ..\Src\main.c                            0x00000000   Number         0  main.o ABSOLUTE
    ..\Src\nRF24.c                           0x00000000   Number         0  nrf24.o ABSOLUTE
    ..\Src\ssd1306.c                         0x00000000   Number         0  ssd1306.o ABSOLUTE
    ..\Src\ssd1306_fonts.c                   0x00000000   Number         0  ssd1306_fonts.o ABSOLUTE
    ..\Src\ssd1306_tests.c                   0x00000000   Number         0  ssd1306_tests.o ABSOLUTE
    ..\Src\stm32f1xx_hal_msp.c               0x00000000   Number         0  stm32f1xx_hal_msp.o ABSOLUTE
    ..\Src\stm32f1xx_it.c                    0x00000000   Number         0  stm32f1xx_it.o ABSOLUTE
    ..\Src\system_stm32f1xx.c                0x00000000   Number         0  system_stm32f1xx_1.o ABSOLUTE
    ..\\Src\\nRF24.c                         0x00000000   Number         0  nrf24.o ABSOLUTE
    ..\\Src\\ssd1306.c                       0x00000000   Number         0  ssd1306.o ABSOLUTE
    ..\\Src\\ssd1306_tests.c                 0x00000000   Number         0  ssd1306_tests.o ABSOLUTE
    ..\\dwt_stm32_delay.c                    0x00000000   Number         0  dwt_stm32_delay.o ABSOLUTE
    ..\dwt_stm32_delay.c                     0x00000000   Number         0  dwt_stm32_delay.o ABSOLUTE
    cdrcmple.s                               0x00000000   Number         0  cdrcmple.o ABSOLUTE
    dc.s                                     0x00000000   Number         0  dc.o ABSOLUTE
    handlers.s                               0x00000000   Number         0  handlers.o ABSOLUTE
    init.s                                   0x00000000   Number         0  init.o ABSOLUTE
    startup_stm32f103xb.s                    0x00000000   Number         0  startup_stm32f103xb.o ABSOLUTE
    RESET                                    0x08000000   Section      236  startup_stm32f103xb.o(RESET)
    .ARM.Collect$$$$00000000                 0x080000ec   Section        0  entry.o(.ARM.Collect$$$$00000000)
    .ARM.Collect$$$$00000001                 0x080000ec   Section        4  entry2.o(.ARM.Collect$$$$00000001)
    .ARM.Collect$$$$00000004                 0x080000f0   Section        4  entry5.o(.ARM.Collect$$$$00000004)
    .ARM.Collect$$$$00000008                 0x080000f4   Section        0  entry7b.o(.ARM.Collect$$$$00000008)
    .ARM.Collect$$$$0000000A                 0x080000f4   Section        0  entry8b.o(.ARM.Collect$$$$0000000A)
    .ARM.Collect$$$$0000000B                 0x080000f4   Section        8  entry9a.o(.ARM.Collect$$$$0000000B)
    .ARM.Collect$$$$0000000D                 0x080000fc   Section        0  entry10a.o(.ARM.Collect$$$$0000000D)
    .ARM.Collect$$$$0000000F                 0x080000fc   Section        0  entry11a.o(.ARM.Collect$$$$0000000F)
    .ARM.Collect$$$$00002712                 0x080000fc   Section        4  entry2.o(.ARM.Collect$$$$00002712)
    __lit__00000000                          0x080000fc   Data           4  entry2.o(.ARM.Collect$$$$00002712)
    .text                                    0x08000100   Section       36  startup_stm32f103xb.o(.text)
    .text                                    0x08000124   Section        0  memseta.o(.text)
    .text                                    0x08000148   Section        0  uidiv.o(.text)
    .text                                    0x08000174   Section       36  init.o(.text)
    i.ADC1_2_IRQHandler                      0x08000198   Section        0  stm32f1xx_it.o(i.ADC1_2_IRQHandler)
    i.ADC_ConversionStop_Disable             0x080001a8   Section        0  stm32f1xx_hal_adc.o(i.ADC_ConversionStop_Disable)
    i.ADC_Enable                             0x080001fc   Section        0  stm32f1xx_hal_adc.o(i.ADC_Enable)
    i.BusFault_Handler                       0x08000280   Section        0  stm32f1xx_it.o(i.BusFault_Handler)
    i.DWT_Delay_Init                         0x08000284   Section        0  dwt_stm32_delay.o(i.DWT_Delay_Init)
    i.DWT_Delay_us                           0x080002d0   Section        0  nrf24.o(i.DWT_Delay_us)
    DWT_Delay_us                             0x080002d1   Thumb Code    38  nrf24.o(i.DWT_Delay_us)
    i.DebugMon_Handler                       0x08000300   Section        0  stm32f1xx_it.o(i.DebugMon_Handler)
    i.EXTI0_IRQHandler                       0x08000302   Section        0  stm32f1xx_it.o(i.EXTI0_IRQHandler)
    i.EXTI9_5_IRQHandler                     0x0800030c   Section        0  stm32f1xx_it.o(i.EXTI9_5_IRQHandler)
    i.Error_Handler                          0x08000318   Section        0  main.o(i.Error_Handler)
    i.HAL_ADCEx_InjectedConvCpltCallback     0x0800031c   Section        0  stm32f1xx_hal_adc_ex.o(i.HAL_ADCEx_InjectedConvCpltCallback)
    i.HAL_ADC_ConfigChannel                  0x08000320   Section        0  stm32f1xx_hal_adc.o(i.HAL_ADC_ConfigChannel)
    i.HAL_ADC_ConvCpltCallback               0x08000480   Section        0  main.o(i.HAL_ADC_ConvCpltCallback)
    i.HAL_ADC_GetValue                       0x080004a0   Section        0  stm32f1xx_hal_adc.o(i.HAL_ADC_GetValue)
    i.HAL_ADC_IRQHandler                     0x080004a8   Section        0  stm32f1xx_hal_adc.o(i.HAL_ADC_IRQHandler)
    i.HAL_ADC_Init                           0x080005cc   Section        0  stm32f1xx_hal_adc.o(i.HAL_ADC_Init)
    i.HAL_ADC_LevelOutOfWindowCallback       0x08000710   Section        0  stm32f1xx_hal_adc.o(i.HAL_ADC_LevelOutOfWindowCallback)
    i.HAL_ADC_MspInit                        0x08000714   Section        0  stm32f1xx_hal_msp.o(i.HAL_ADC_MspInit)
    i.HAL_ADC_Start_IT                       0x08000794   Section        0  stm32f1xx_hal_adc.o(i.HAL_ADC_Start_IT)
    i.HAL_DBGMCU_EnableDBGStopMode           0x080008d0   Section        0  stm32f1xx_hal.o(i.HAL_DBGMCU_EnableDBGStopMode)
    i.HAL_Delay                              0x080008e4   Section        0  stm32f1xx_hal.o(i.HAL_Delay)
    i.HAL_GPIO_EXTI_Callback                 0x0800090c   Section        0  main.o(i.HAL_GPIO_EXTI_Callback)
    i.HAL_GPIO_EXTI_IRQHandler               0x0800095c   Section        0  stm32f1xx_hal_gpio.o(i.HAL_GPIO_EXTI_IRQHandler)
    i.HAL_GPIO_Init                          0x08000978   Section        0  stm32f1xx_hal_gpio.o(i.HAL_GPIO_Init)
    i.HAL_GPIO_ReadPin                       0x08000c94   Section        0  stm32f1xx_hal_gpio.o(i.HAL_GPIO_ReadPin)
    i.HAL_GPIO_WritePin                      0x08000ca4   Section        0  stm32f1xx_hal_gpio.o(i.HAL_GPIO_WritePin)
    i.HAL_GetTick                            0x08000cb0   Section        0  stm32f1xx_hal.o(i.HAL_GetTick)
    i.HAL_IncTick                            0x08000cbc   Section        0  stm32f1xx_hal.o(i.HAL_IncTick)
    i.HAL_Init                               0x08000cd4   Section        0  stm32f1xx_hal.o(i.HAL_Init)
    i.HAL_InitTick                           0x08000cfc   Section        0  stm32f1xx_hal.o(i.HAL_InitTick)
    i.HAL_MspInit                            0x08000d48   Section        0  stm32f1xx_hal_msp.o(i.HAL_MspInit)
    i.HAL_NVIC_DisableIRQ                    0x08000d9c   Section        0  stm32f1xx_hal_cortex.o(i.HAL_NVIC_DisableIRQ)
    i.HAL_NVIC_EnableIRQ                     0x08000db8   Section        0  stm32f1xx_hal_cortex.o(i.HAL_NVIC_EnableIRQ)
    i.HAL_NVIC_SetPriority                   0x08000dd2   Section        0  stm32f1xx_hal_cortex.o(i.HAL_NVIC_SetPriority)
    i.HAL_NVIC_SetPriorityGrouping           0x08000e50   Section        0  stm32f1xx_hal_cortex.o(i.HAL_NVIC_SetPriorityGrouping)
    i.HAL_PWR_DisableSleepOnExit             0x08000e78   Section        0  stm32f1xx_hal_pwr.o(i.HAL_PWR_DisableSleepOnExit)
    i.HAL_PWR_EnableBkUpAccess               0x08000e8c   Section        0  stm32f1xx_hal_pwr.o(i.HAL_PWR_EnableBkUpAccess)
    i.HAL_PWR_EnterSTOPMode                  0x08000e98   Section        0  stm32f1xx_hal_pwr.o(i.HAL_PWR_EnterSTOPMode)
    i.HAL_RCCEx_GetPeriphCLKFreq             0x08000eec   Section        0  stm32f1xx_hal_rcc_ex.o(i.HAL_RCCEx_GetPeriphCLKFreq)
    i.HAL_RCCEx_PeriphCLKConfig              0x0800100c   Section        0  stm32f1xx_hal_rcc_ex.o(i.HAL_RCCEx_PeriphCLKConfig)
    i.HAL_RCC_ClockConfig                    0x0800113c   Section        0  stm32f1xx_hal_rcc.o(i.HAL_RCC_ClockConfig)
    i.HAL_RCC_GetHCLKFreq                    0x0800130c   Section        0  stm32f1xx_hal_rcc.o(i.HAL_RCC_GetHCLKFreq)
    i.HAL_RCC_GetPCLK2Freq                   0x08001318   Section        0  stm32f1xx_hal_rcc.o(i.HAL_RCC_GetPCLK2Freq)
    i.HAL_RCC_GetSysClockFreq                0x08001338   Section        0  stm32f1xx_hal_rcc.o(i.HAL_RCC_GetSysClockFreq)
    i.HAL_RCC_OscConfig                      0x080013cc   Section        0  stm32f1xx_hal_rcc.o(i.HAL_RCC_OscConfig)
    i.HAL_RTCEx_RTCEventCallback             0x0800180c   Section        0  main.o(i.HAL_RTCEx_RTCEventCallback)
    i.HAL_RTCEx_RTCEventErrorCallback        0x080018c8   Section        0  stm32f1xx_hal_rtc_ex.o(i.HAL_RTCEx_RTCEventErrorCallback)
    i.HAL_RTCEx_RTCIRQHandler                0x080018ca   Section        0  stm32f1xx_hal_rtc_ex.o(i.HAL_RTCEx_RTCIRQHandler)
    i.HAL_RTCEx_SetSecond_IT                 0x08001914   Section        0  stm32f1xx_hal_rtc_ex.o(i.HAL_RTCEx_SetSecond_IT)
    i.HAL_RTC_DeInit                         0x0800194e   Section        0  stm32f1xx_hal_rtc.o(i.HAL_RTC_DeInit)
    i.HAL_RTC_GetDate                        0x080019d2   Section        0  stm32f1xx_hal_rtc.o(i.HAL_RTC_GetDate)
    i.HAL_RTC_GetTime                        0x08001a24   Section        0  stm32f1xx_hal_rtc.o(i.HAL_RTC_GetTime)
    i.HAL_RTC_Init                           0x08001b28   Section        0  stm32f1xx_hal_rtc.o(i.HAL_RTC_Init)
    i.HAL_RTC_MspDeInit                      0x08001bf8   Section        0  stm32f1xx_hal_msp.o(i.HAL_RTC_MspDeInit)
    i.HAL_RTC_MspInit                        0x08001c1c   Section        0  stm32f1xx_hal_msp.o(i.HAL_RTC_MspInit)
    i.HAL_RTC_SetDate                        0x08001c6c   Section        0  stm32f1xx_hal_rtc.o(i.HAL_RTC_SetDate)
    i.HAL_RTC_SetTime                        0x08001d64   Section        0  stm32f1xx_hal_rtc.o(i.HAL_RTC_SetTime)
    i.HAL_RTC_WaitForSynchro                 0x08001e40   Section        0  stm32f1xx_hal_rtc.o(i.HAL_RTC_WaitForSynchro)
    i.HAL_SPI_Init                           0x08001e80   Section        0  stm32f1xx_hal_spi_ex.o(i.HAL_SPI_Init)
    i.HAL_SPI_MspInit                        0x08001f08   Section        0  stm32f1xx_hal_msp.o(i.HAL_SPI_MspInit)
    i.HAL_SPI_Transmit                       0x08001fec   Section        0  stm32f1xx_hal_spi.o(i.HAL_SPI_Transmit)
    i.HAL_SPI_TransmitReceive                0x08002192   Section        0  stm32f1xx_hal_spi.o(i.HAL_SPI_TransmitReceive)
    i.HAL_SYSTICK_Config                     0x080023b0   Section        0  stm32f1xx_hal_cortex.o(i.HAL_SYSTICK_Config)
    i.HAL_TIMEx_BreakCallback                0x080023e4   Section        0  stm32f1xx_hal_tim_ex.o(i.HAL_TIMEx_BreakCallback)
    i.HAL_TIMEx_CommutationCallback          0x080023e6   Section        0  stm32f1xx_hal_tim_ex.o(i.HAL_TIMEx_CommutationCallback)
    i.HAL_TIMEx_MasterConfigSynchronization  0x080023e8   Section        0  stm32f1xx_hal_tim_ex.o(i.HAL_TIMEx_MasterConfigSynchronization)
    i.HAL_TIM_Base_Init                      0x0800244a   Section        0  stm32f1xx_hal_tim.o(i.HAL_TIM_Base_Init)
    i.HAL_TIM_Base_MspInit                   0x08002480   Section        0  stm32f1xx_hal_msp.o(i.HAL_TIM_Base_MspInit)
    i.HAL_TIM_Base_Start_IT                  0x080024c4   Section        0  stm32f1xx_hal_tim.o(i.HAL_TIM_Base_Start_IT)
    i.HAL_TIM_ConfigClockSource              0x080024e2   Section        0  stm32f1xx_hal_tim.o(i.HAL_TIM_ConfigClockSource)
    i.HAL_TIM_IC_CaptureCallback             0x08002614   Section        0  stm32f1xx_hal_tim.o(i.HAL_TIM_IC_CaptureCallback)
    i.HAL_TIM_IRQHandler                     0x08002616   Section        0  stm32f1xx_hal_tim.o(i.HAL_TIM_IRQHandler)
    i.HAL_TIM_OC_DelayElapsedCallback        0x080027ac   Section        0  stm32f1xx_hal_tim.o(i.HAL_TIM_OC_DelayElapsedCallback)
    i.HAL_TIM_PWM_PulseFinishedCallback      0x080027ae   Section        0  stm32f1xx_hal_tim.o(i.HAL_TIM_PWM_PulseFinishedCallback)
    i.HAL_TIM_PeriodElapsedCallback          0x080027b0   Section        0  main.o(i.HAL_TIM_PeriodElapsedCallback)
    i.HAL_TIM_TriggerCallback                0x080027d8   Section        0  stm32f1xx_hal_tim.o(i.HAL_TIM_TriggerCallback)
    i.HardFault_Handler                      0x080027da   Section        0  stm32f1xx_it.o(i.HardFault_Handler)
    i.MX_ADC2_Init                           0x080027e0   Section        0  main.o(i.MX_ADC2_Init)
    MX_ADC2_Init                             0x080027e1   Thumb Code    80  main.o(i.MX_ADC2_Init)
    i.MX_GPIO_Init                           0x08002838   Section        0  main.o(i.MX_GPIO_Init)
    MX_GPIO_Init                             0x08002839   Thumb Code   332  main.o(i.MX_GPIO_Init)
    i.MX_RTC_Init                            0x08002998   Section        0  main.o(i.MX_RTC_Init)
    MX_RTC_Init                              0x08002999   Thumb Code   104  main.o(i.MX_RTC_Init)
    i.MX_SPI1_Init                           0x08002a08   Section        0  main.o(i.MX_SPI1_Init)
    MX_SPI1_Init                             0x08002a09   Thumb Code    60  main.o(i.MX_SPI1_Init)
    i.MX_SPI2_Init                           0x08002a4c   Section        0  main.o(i.MX_SPI2_Init)
    MX_SPI2_Init                             0x08002a4d   Thumb Code    58  main.o(i.MX_SPI2_Init)
    i.MX_TIM4_Init                           0x08002a90   Section        0  main.o(i.MX_TIM4_Init)
    MX_TIM4_Init                             0x08002a91   Thumb Code   104  main.o(i.MX_TIM4_Init)
    i.MemManage_Handler                      0x08002b00   Section        0  stm32f1xx_it.o(i.MemManage_Handler)
    i.NMI_Handler                            0x08002b04   Section        0  stm32f1xx_it.o(i.NMI_Handler)
    i.NVIC_EnableIRQ                         0x08002b06   Section        0  main.o(i.NVIC_EnableIRQ)
    NVIC_EnableIRQ                           0x08002b07   Thumb Code    22  main.o(i.NVIC_EnableIRQ)
    i.NVIC_GetPriorityGrouping               0x08002b1c   Section        0  stm32f1xx_hal_cortex.o(i.NVIC_GetPriorityGrouping)
    NVIC_GetPriorityGrouping                 0x08002b1d   Thumb Code    10  stm32f1xx_hal_cortex.o(i.NVIC_GetPriorityGrouping)
    i.NVIC_SetPriority                       0x08002b2c   Section        0  stm32f1xx_hal_cortex.o(i.NVIC_SetPriority)
    NVIC_SetPriority                         0x08002b2d   Thumb Code    32  stm32f1xx_hal_cortex.o(i.NVIC_SetPriority)
    i.POWERDOWN                              0x08002b54   Section        0  nrf24.o(i.POWERDOWN)
    i.POWERUP                                0x08002b64   Section        0  nrf24.o(i.POWERUP)
    i.PWR_OverloadWfe                        0x08002b74   Section        0  stm32f1xx_hal_pwr.o(i.PWR_OverloadWfe)
    PWR_OverloadWfe                          0x08002b75   Thumb Code     6  stm32f1xx_hal_pwr.o(i.PWR_OverloadWfe)
    __tagsym$$noinline                       0x08002b75   Number         0  stm32f1xx_hal_pwr.o(i.PWR_OverloadWfe)
    i.PendSV_Handler                         0x08002b7a   Section        0  stm32f1xx_it.o(i.PendSV_Handler)
    i.RCC_Delay                              0x08002b7c   Section        0  stm32f1xx_hal_rcc.o(i.RCC_Delay)
    RCC_Delay                                0x08002b7d   Thumb Code    36  stm32f1xx_hal_rcc.o(i.RCC_Delay)
    i.RTC_Bcd2ToByte                         0x08002ba4   Section        0  stm32f1xx_hal_rtc.o(i.RTC_Bcd2ToByte)
    RTC_Bcd2ToByte                           0x08002ba5   Thumb Code    22  stm32f1xx_hal_rtc.o(i.RTC_Bcd2ToByte)
    i.RTC_ByteToBcd2                         0x08002bba   Section        0  stm32f1xx_hal_rtc.o(i.RTC_ByteToBcd2)
    RTC_ByteToBcd2                           0x08002bbb   Thumb Code    26  stm32f1xx_hal_rtc.o(i.RTC_ByteToBcd2)
    i.RTC_DateUpdate                         0x08002bd4   Section        0  stm32f1xx_hal_rtc.o(i.RTC_DateUpdate)
    RTC_DateUpdate                           0x08002bd5   Thumb Code   182  stm32f1xx_hal_rtc.o(i.RTC_DateUpdate)
    i.RTC_EnterInitMode                      0x08002c8a   Section        0  stm32f1xx_hal_rtc.o(i.RTC_EnterInitMode)
    RTC_EnterInitMode                        0x08002c8b   Thumb Code    58  stm32f1xx_hal_rtc.o(i.RTC_EnterInitMode)
    i.RTC_ExitInitMode                       0x08002cc4   Section        0  stm32f1xx_hal_rtc.o(i.RTC_ExitInitMode)
    RTC_ExitInitMode                         0x08002cc5   Thumb Code    58  stm32f1xx_hal_rtc.o(i.RTC_ExitInitMode)
    i.RTC_IRQHandler                         0x08002d00   Section        0  stm32f1xx_it.o(i.RTC_IRQHandler)
    i.RTC_IsLeapYear                         0x08002d10   Section        0  stm32f1xx_hal_rtc.o(i.RTC_IsLeapYear)
    RTC_IsLeapYear                           0x08002d11   Thumb Code    50  stm32f1xx_hal_rtc.o(i.RTC_IsLeapYear)
    i.RTC_ReadAlarmCounter                   0x08002d42   Section        0  stm32f1xx_hal_rtc.o(i.RTC_ReadAlarmCounter)
    RTC_ReadAlarmCounter                     0x08002d43   Thumb Code    24  stm32f1xx_hal_rtc.o(i.RTC_ReadAlarmCounter)
    i.RTC_ReadTimeCounter                    0x08002d5a   Section        0  stm32f1xx_hal_rtc.o(i.RTC_ReadTimeCounter)
    RTC_ReadTimeCounter                      0x08002d5b   Thumb Code    52  stm32f1xx_hal_rtc.o(i.RTC_ReadTimeCounter)
    i.RTC_WeekDayNum                         0x08002d8e   Section        0  stm32f1xx_hal_rtc.o(i.RTC_WeekDayNum)
    RTC_WeekDayNum                           0x08002d8f   Thumb Code   132  stm32f1xx_hal_rtc.o(i.RTC_WeekDayNum)
    i.RTC_WriteAlarmCounter                  0x08002e12   Section        0  stm32f1xx_hal_rtc.o(i.RTC_WriteAlarmCounter)
    RTC_WriteAlarmCounter                    0x08002e13   Thumb Code    46  stm32f1xx_hal_rtc.o(i.RTC_WriteAlarmCounter)
    i.RTC_WriteTimeCounter                   0x08002e40   Section        0  stm32f1xx_hal_rtc.o(i.RTC_WriteTimeCounter)
    RTC_WriteTimeCounter                     0x08002e41   Thumb Code    46  stm32f1xx_hal_rtc.o(i.RTC_WriteTimeCounter)
    i.RX_PAYLOAD_SIZE                        0x08002e6e   Section        0  nrf24.o(i.RX_PAYLOAD_SIZE)
    i.RX_POWERUP                             0x08002e80   Section        0  nrf24.o(i.RX_POWERUP)
    i.SPI_CheckFlag_BSY                      0x08002ea0   Section        0  stm32f1xx_hal_spi.o(i.SPI_CheckFlag_BSY)
    SPI_CheckFlag_BSY                        0x08002ea1   Thumb Code    40  stm32f1xx_hal_spi.o(i.SPI_CheckFlag_BSY)
    i.SPI_RW                                 0x08002ec8   Section        0  nrf24.o(i.SPI_RW)
    i.SPI_Read_Packet                        0x08002eec   Section        0  nrf24.o(i.SPI_Read_Packet)
    i.SPI_Read_Reg                           0x08002f30   Section        0  nrf24.o(i.SPI_Read_Reg)
    i.SPI_WaitFlagStateUntilTimeout          0x08002f60   Section        0  stm32f1xx_hal_spi.o(i.SPI_WaitFlagStateUntilTimeout)
    SPI_WaitFlagStateUntilTimeout            0x08002f61   Thumb Code   170  stm32f1xx_hal_spi.o(i.SPI_WaitFlagStateUntilTimeout)
    i.SPI_Write_Packet                       0x0800300c   Section        0  nrf24.o(i.SPI_Write_Packet)
    i.SPI_Write_Reg                          0x08003054   Section        0  nrf24.o(i.SPI_Write_Reg)
    i.SVC_Handler                            0x08003088   Section        0  stm32f1xx_it.o(i.SVC_Handler)
    i.SysTick_Handler                        0x0800308a   Section        0  stm32f1xx_it.o(i.SysTick_Handler)
    i.SystemClock_Config                     0x08003092   Section        0  main.o(i.SystemClock_Config)
    i.SystemInit                             0x08003124   Section        0  system_stm32f1xx_1.o(i.SystemInit)
    i.TIM4_IRQHandler                        0x0800317c   Section        0  stm32f1xx_it.o(i.TIM4_IRQHandler)
    i.TIM_Base_SetConfig                     0x0800318c   Section        0  stm32f1xx_hal_tim.o(i.TIM_Base_SetConfig)
    i.TIM_ETR_SetConfig                      0x08003200   Section        0  stm32f1xx_hal_tim.o(i.TIM_ETR_SetConfig)
    TIM_ETR_SetConfig                        0x08003201   Thumb Code    24  stm32f1xx_hal_tim.o(i.TIM_ETR_SetConfig)
    i.TIM_ITRx_SetConfig                     0x08003218   Section        0  stm32f1xx_hal_tim.o(i.TIM_ITRx_SetConfig)
    TIM_ITRx_SetConfig                       0x08003219   Thumb Code    20  stm32f1xx_hal_tim.o(i.TIM_ITRx_SetConfig)
    i.TIM_TI1_ConfigInputStage               0x0800322c   Section        0  stm32f1xx_hal_tim.o(i.TIM_TI1_ConfigInputStage)
    TIM_TI1_ConfigInputStage                 0x0800322d   Thumb Code    42  stm32f1xx_hal_tim.o(i.TIM_TI1_ConfigInputStage)
    i.TIM_TI2_ConfigInputStage               0x08003256   Section        0  stm32f1xx_hal_tim.o(i.TIM_TI2_ConfigInputStage)
    TIM_TI2_ConfigInputStage                 0x08003257   Thumb Code    44  stm32f1xx_hal_tim.o(i.TIM_TI2_ConfigInputStage)
    i.UsageFault_Handler                     0x08003282   Section        0  stm32f1xx_it.o(i.UsageFault_Handler)
    i.__0sprintf$6                           0x08003288   Section        0  printf6.o(i.__0sprintf$6)
    i.__scatterload_copy                     0x080032b0   Section       14  handlers.o(i.__scatterload_copy)
    i.__scatterload_null                     0x080032be   Section        2  handlers.o(i.__scatterload_null)
    i.__scatterload_zeroinit                 0x080032c0   Section       14  handlers.o(i.__scatterload_zeroinit)
    i._printf_core                           0x080032d0   Section        0  printf6.o(i._printf_core)
    _printf_core                             0x080032d1   Thumb Code   748  printf6.o(i._printf_core)
    i._printf_post_padding                   0x080035c0   Section        0  printf6.o(i._printf_post_padding)
    _printf_post_padding                     0x080035c1   Thumb Code    36  printf6.o(i._printf_post_padding)
    i._printf_pre_padding                    0x080035e4   Section        0  printf6.o(i._printf_pre_padding)
    _printf_pre_padding                      0x080035e5   Thumb Code    46  printf6.o(i._printf_pre_padding)
    i._sputc                                 0x08003612   Section        0  printf6.o(i._sputc)
    _sputc                                   0x08003613   Thumb Code    10  printf6.o(i._sputc)
    i.main                                   0x0800361c   Section        0  main.o(i.main)
    i.nrf_init                               0x08003cf0   Section        0  nrf24.o(i.nrf_init)
    i.prx                                    0x08003e30   Section        0  nrf24.o(i.prx)
    i.ssd1306_DrawPixel                      0x08003e54   Section        0  ssd1306.o(i.ssd1306_DrawPixel)
    i.ssd1306_Fill                           0x08003ef4   Section        0  ssd1306.o(i.ssd1306_Fill)
    i.ssd1306_Init                           0x08003f14   Section        0  ssd1306.o(i.ssd1306_Init)
    i.ssd1306_Reset                          0x08003fe4   Section        0  ssd1306.o(i.ssd1306_Reset)
    i.ssd1306_SetCursor                      0x0800401c   Section        0  ssd1306.o(i.ssd1306_SetCursor)
    i.ssd1306_UpdateScreen                   0x08004028   Section        0  ssd1306.o(i.ssd1306_UpdateScreen)
    i.ssd1306_WriteChar                      0x08004060   Section        0  ssd1306.o(i.ssd1306_WriteChar)
    i.ssd1306_WriteCommand                   0x08004110   Section        0  ssd1306.o(i.ssd1306_WriteCommand)
    i.ssd1306_WriteData                      0x0800414c   Section        0  ssd1306.o(i.ssd1306_WriteData)
    i.ssd1306_WriteString                    0x0800418c   Section        0  ssd1306.o(i.ssd1306_WriteString)
    i.string_clear                           0x080041b8   Section        0  ssd1306.o(i.string_clear)
    .constdata                               0x080041cc   Section    10260  ssd1306_fonts.o(.constdata)
    Font7x10                                 0x080041cc   Data        1900  ssd1306_fonts.o(.constdata)
    Font11x18                                0x08004938   Data        3420  ssd1306_fonts.o(.constdata)
    Font16x26                                0x08005694   Data        4940  ssd1306_fonts.o(.constdata)
    .constdata                               0x080069e0   Section       24  system_stm32f1xx_1.o(.constdata)
    .data                                    0x20000000   Section        6  ssd1306.o(.data)
    SSD1306                                  0x20000000   Data           6  ssd1306.o(.data)
    .data                                    0x20000008   Section       24  ssd1306_fonts.o(.data)
    .data                                    0x20000020   Section       99  main.o(.data)
    .data                                    0x20000084   Section        9  stm32f1xx_hal.o(.data)
    .data                                    0x20000090   Section        4  system_stm32f1xx_1.o(.data)
    .bss                                     0x20000094   Section     1024  ssd1306.o(.bss)
    SSD1306_Buffer                           0x20000094   Data        1024  ssd1306.o(.bss)
    .bss                                     0x20000494   Section       31  nrf24.o(.bss)
    .bss                                     0x200004b4   Section      392  main.o(.bss)
    STACK                                    0x20000640   Section     1024  startup_stm32f103xb.o(STACK)

    Global Symbols

    Symbol Name                              Value     Ov Type        Size  Object(Section)

    BuildAttributes$$THM_ISAv4$P$D$K$B$S$PE$A:L22UL41UL21$X:L11$S22US41US21$IEEE1$IW$USESV6$~STKCKD$USESV7$~SHL$OTIME$ROPI$EBA8$MICROLIB$REQ8$PRES8$EABIv2 0x00000000   Number         0  anon$$obj.o ABSOLUTE
    __ARM_use_no_argv                        0x00000000   Number         0  main.o ABSOLUTE
    _printf_a                                0x00000000   Number         0  stubs.o ABSOLUTE
    _printf_c                                0x00000000   Number         0  stubs.o ABSOLUTE
    _printf_charcount                        0x00000000   Number         0  stubs.o ABSOLUTE
    _printf_d                                0x00000000   Number         0  stubs.o ABSOLUTE
    _printf_e                                0x00000000   Number         0  stubs.o ABSOLUTE
    _printf_f                                0x00000000   Number         0  stubs.o ABSOLUTE
    _printf_flags                            0x00000000   Number         0  stubs.o ABSOLUTE
    _printf_fp_dec                           0x00000000   Number         0  stubs.o ABSOLUTE
    _printf_fp_hex                           0x00000000   Number         0  stubs.o ABSOLUTE
    _printf_g                                0x00000000   Number         0  stubs.o ABSOLUTE
    _printf_i                                0x00000000   Number         0  stubs.o ABSOLUTE
    _printf_int_dec                          0x00000000   Number         0  stubs.o ABSOLUTE
    _printf_l                                0x00000000   Number         0  stubs.o ABSOLUTE
    _printf_lc                               0x00000000   Number         0  stubs.o ABSOLUTE
    _printf_ll                               0x00000000   Number         0  stubs.o ABSOLUTE
    _printf_lld                              0x00000000   Number         0  stubs.o ABSOLUTE
    _printf_lli                              0x00000000   Number         0  stubs.o ABSOLUTE
    _printf_llo                              0x00000000   Number         0  stubs.o ABSOLUTE
    _printf_llu                              0x00000000   Number         0  stubs.o ABSOLUTE
    _printf_llx                              0x00000000   Number         0  stubs.o ABSOLUTE
    _printf_longlong_dec                     0x00000000   Number         0  stubs.o ABSOLUTE
    _printf_longlong_hex                     0x00000000   Number         0  stubs.o ABSOLUTE
    _printf_longlong_oct                     0x00000000   Number         0  stubs.o ABSOLUTE
    _printf_ls                               0x00000000   Number         0  stubs.o ABSOLUTE
    _printf_mbtowc                           0x00000000   Number         0  stubs.o ABSOLUTE
    _printf_n                                0x00000000   Number         0  stubs.o ABSOLUTE
    _printf_o                                0x00000000   Number         0  stubs.o ABSOLUTE
    _printf_p                                0x00000000   Number         0  stubs.o ABSOLUTE
    _printf_percent                          0x00000000   Number         0  stubs.o ABSOLUTE
    _printf_pre_padding                      0x00000000   Number         0  stubs.o ABSOLUTE
    _printf_return_value                     0x00000000   Number         0  stubs.o ABSOLUTE
    _printf_s                                0x00000000   Number         0  stubs.o ABSOLUTE
    _printf_sizespec                         0x00000000   Number         0  stubs.o ABSOLUTE
    _printf_str                              0x00000000   Number         0  stubs.o ABSOLUTE
    _printf_truncate_signed                  0x00000000   Number         0  stubs.o ABSOLUTE
    _printf_truncate_unsigned                0x00000000   Number         0  stubs.o ABSOLUTE
    _printf_u                                0x00000000   Number         0  stubs.o ABSOLUTE
    _printf_wc                               0x00000000   Number         0  stubs.o ABSOLUTE
    _printf_wctomb                           0x00000000   Number         0  stubs.o ABSOLUTE
    _printf_widthprec                        0x00000000   Number         0  stubs.o ABSOLUTE
    _printf_x                                0x00000000   Number         0  stubs.o ABSOLUTE
    __cpp_initialize__aeabi_                  - Undefined Weak Reference
    __cxa_finalize                            - Undefined Weak Reference
    __decompress                              - Undefined Weak Reference
    _clock_init                               - Undefined Weak Reference
    _microlib_exit                            - Undefined Weak Reference
    __Vectors_Size                           0x000000ec   Number         0  startup_stm32f103xb.o ABSOLUTE
    __Vectors                                0x08000000   Data           4  startup_stm32f103xb.o(RESET)
    __Vectors_End                            0x080000ec   Data           0  startup_stm32f103xb.o(RESET)
    __main                                   0x080000ed   Thumb Code     0  entry.o(.ARM.Collect$$$$00000000)
    _main_stk                                0x080000ed   Thumb Code     0  entry2.o(.ARM.Collect$$$$00000001)
    _main_scatterload                        0x080000f1   Thumb Code     0  entry5.o(.ARM.Collect$$$$00000004)
    __main_after_scatterload                 0x080000f5   Thumb Code     0  entry5.o(.ARM.Collect$$$$00000004)
    _main_clock                              0x080000f5   Thumb Code     0  entry7b.o(.ARM.Collect$$$$00000008)
    _main_cpp_init                           0x080000f5   Thumb Code     0  entry8b.o(.ARM.Collect$$$$0000000A)
    _main_init                               0x080000f5   Thumb Code     0  entry9a.o(.ARM.Collect$$$$0000000B)
    __rt_final_cpp                           0x080000fd   Thumb Code     0  entry10a.o(.ARM.Collect$$$$0000000D)
    __rt_final_exit                          0x080000fd   Thumb Code     0  entry11a.o(.ARM.Collect$$$$0000000F)
    Reset_Handler                            0x08000101   Thumb Code     8  startup_stm32f103xb.o(.text)
    CAN1_RX1_IRQHandler                      0x0800011b   Thumb Code     0  startup_stm32f103xb.o(.text)
    CAN1_SCE_IRQHandler                      0x0800011b   Thumb Code     0  startup_stm32f103xb.o(.text)
    DMA1_Channel1_IRQHandler                 0x0800011b   Thumb Code     0  startup_stm32f103xb.o(.text)
    DMA1_Channel2_IRQHandler                 0x0800011b   Thumb Code     0  startup_stm32f103xb.o(.text)
    DMA1_Channel3_IRQHandler                 0x0800011b   Thumb Code     0  startup_stm32f103xb.o(.text)
    DMA1_Channel4_IRQHandler                 0x0800011b   Thumb Code     0  startup_stm32f103xb.o(.text)
    DMA1_Channel5_IRQHandler                 0x0800011b   Thumb Code     0  startup_stm32f103xb.o(.text)
    DMA1_Channel6_IRQHandler                 0x0800011b   Thumb Code     0  startup_stm32f103xb.o(.text)
    DMA1_Channel7_IRQHandler                 0x0800011b   Thumb Code     0  startup_stm32f103xb.o(.text)
    EXTI15_10_IRQHandler                     0x0800011b   Thumb Code     0  startup_stm32f103xb.o(.text)
    EXTI1_IRQHandler                         0x0800011b   Thumb Code     0  startup_stm32f103xb.o(.text)
    EXTI2_IRQHandler                         0x0800011b   Thumb Code     0  startup_stm32f103xb.o(.text)
    EXTI3_IRQHandler                         0x0800011b   Thumb Code     0  startup_stm32f103xb.o(.text)
    EXTI4_IRQHandler                         0x0800011b   Thumb Code     0  startup_stm32f103xb.o(.text)
    FLASH_IRQHandler                         0x0800011b   Thumb Code     0  startup_stm32f103xb.o(.text)
    I2C1_ER_IRQHandler                       0x0800011b   Thumb Code     0  startup_stm32f103xb.o(.text)
    I2C1_EV_IRQHandler                       0x0800011b   Thumb Code     0  startup_stm32f103xb.o(.text)
    I2C2_ER_IRQHandler                       0x0800011b   Thumb Code     0  startup_stm32f103xb.o(.text)
    I2C2_EV_IRQHandler                       0x0800011b   Thumb Code     0  startup_stm32f103xb.o(.text)
    PVD_IRQHandler                           0x0800011b   Thumb Code     0  startup_stm32f103xb.o(.text)
    RCC_IRQHandler                           0x0800011b   Thumb Code     0  startup_stm32f103xb.o(.text)
    RTC_Alarm_IRQHandler                     0x0800011b   Thumb Code     0  startup_stm32f103xb.o(.text)
    SPI1_IRQHandler                          0x0800011b   Thumb Code     0  startup_stm32f103xb.o(.text)
    SPI2_IRQHandler                          0x0800011b   Thumb Code     0  startup_stm32f103xb.o(.text)
    TAMPER_IRQHandler                        0x0800011b   Thumb Code     0  startup_stm32f103xb.o(.text)
    TIM1_BRK_IRQHandler                      0x0800011b   Thumb Code     0  startup_stm32f103xb.o(.text)
    TIM1_CC_IRQHandler                       0x0800011b   Thumb Code     0  startup_stm32f103xb.o(.text)
    TIM1_TRG_COM_IRQHandler                  0x0800011b   Thumb Code     0  startup_stm32f103xb.o(.text)
    TIM1_UP_IRQHandler                       0x0800011b   Thumb Code     0  startup_stm32f103xb.o(.text)
    TIM2_IRQHandler                          0x0800011b   Thumb Code     0  startup_stm32f103xb.o(.text)
    TIM3_IRQHandler                          0x0800011b   Thumb Code     0  startup_stm32f103xb.o(.text)
    USART1_IRQHandler                        0x0800011b   Thumb Code     0  startup_stm32f103xb.o(.text)
    USART2_IRQHandler                        0x0800011b   Thumb Code     0  startup_stm32f103xb.o(.text)
    USART3_IRQHandler                        0x0800011b   Thumb Code     0  startup_stm32f103xb.o(.text)
    USBWakeUp_IRQHandler                     0x0800011b   Thumb Code     0  startup_stm32f103xb.o(.text)
    USB_HP_CAN1_TX_IRQHandler                0x0800011b   Thumb Code     0  startup_stm32f103xb.o(.text)
    USB_LP_CAN1_RX0_IRQHandler               0x0800011b   Thumb Code     0  startup_stm32f103xb.o(.text)
    WWDG_IRQHandler                          0x0800011b   Thumb Code     0  startup_stm32f103xb.o(.text)
    __aeabi_memset                           0x08000125   Thumb Code    14  memseta.o(.text)
    __aeabi_memset4                          0x08000125   Thumb Code     0  memseta.o(.text)
    __aeabi_memset8                          0x08000125   Thumb Code     0  memseta.o(.text)
    __aeabi_memclr                           0x08000133   Thumb Code     4  memseta.o(.text)
    __aeabi_memclr4                          0x08000133   Thumb Code     0  memseta.o(.text)
    __aeabi_memclr8                          0x08000133   Thumb Code     0  memseta.o(.text)
    _memset$wrapper                          0x08000137   Thumb Code    18  memseta.o(.text)
    __aeabi_uidiv                            0x08000149   Thumb Code     0  uidiv.o(.text)
    __aeabi_uidivmod                         0x08000149   Thumb Code    44  uidiv.o(.text)
    __scatterload                            0x08000175   Thumb Code    28  init.o(.text)
    __scatterload_rt2                        0x08000175   Thumb Code     0  init.o(.text)
    ADC1_2_IRQHandler                        0x08000199   Thumb Code    10  stm32f1xx_it.o(i.ADC1_2_IRQHandler)
    ADC_ConversionStop_Disable               0x080001a9   Thumb Code    82  stm32f1xx_hal_adc.o(i.ADC_ConversionStop_Disable)
    ADC_Enable                               0x080001fd   Thumb Code   122  stm32f1xx_hal_adc.o(i.ADC_Enable)
    BusFault_Handler                         0x08000281   Thumb Code     4  stm32f1xx_it.o(i.BusFault_Handler)
    DWT_Delay_Init                           0x08000285   Thumb Code    68  dwt_stm32_delay.o(i.DWT_Delay_Init)
    DebugMon_Handler                         0x08000301   Thumb Code     2  stm32f1xx_it.o(i.DebugMon_Handler)
    EXTI0_IRQHandler                         0x08000303   Thumb Code    10  stm32f1xx_it.o(i.EXTI0_IRQHandler)
    EXTI9_5_IRQHandler                       0x0800030d   Thumb Code    12  stm32f1xx_it.o(i.EXTI9_5_IRQHandler)
    Error_Handler                            0x08000319   Thumb Code     4  main.o(i.Error_Handler)
    HAL_ADCEx_InjectedConvCpltCallback       0x0800031d   Thumb Code     2  stm32f1xx_hal_adc_ex.o(i.HAL_ADCEx_InjectedConvCpltCallback)
    HAL_ADC_ConfigChannel                    0x08000321   Thumb Code   338  stm32f1xx_hal_adc.o(i.HAL_ADC_ConfigChannel)
    HAL_ADC_ConvCpltCallback                 0x08000481   Thumb Code    22  main.o(i.HAL_ADC_ConvCpltCallback)
    HAL_ADC_GetValue                         0x080004a1   Thumb Code     8  stm32f1xx_hal_adc.o(i.HAL_ADC_GetValue)
    HAL_ADC_IRQHandler                       0x080004a9   Thumb Code   290  stm32f1xx_hal_adc.o(i.HAL_ADC_IRQHandler)
    HAL_ADC_Init                             0x080005cd   Thumb Code   314  stm32f1xx_hal_adc.o(i.HAL_ADC_Init)
    HAL_ADC_LevelOutOfWindowCallback         0x08000711   Thumb Code     2  stm32f1xx_hal_adc.o(i.HAL_ADC_LevelOutOfWindowCallback)
    HAL_ADC_MspInit                          0x08000715   Thumb Code   114  stm32f1xx_hal_msp.o(i.HAL_ADC_MspInit)
    HAL_ADC_Start_IT                         0x08000795   Thumb Code   306  stm32f1xx_hal_adc.o(i.HAL_ADC_Start_IT)
    HAL_DBGMCU_EnableDBGStopMode             0x080008d1   Thumb Code    14  stm32f1xx_hal.o(i.HAL_DBGMCU_EnableDBGStopMode)
    HAL_Delay                                0x080008e5   Thumb Code    36  stm32f1xx_hal.o(i.HAL_Delay)
    HAL_GPIO_EXTI_Callback                   0x0800090d   Thumb Code    64  main.o(i.HAL_GPIO_EXTI_Callback)
    HAL_GPIO_EXTI_IRQHandler                 0x0800095d   Thumb Code    24  stm32f1xx_hal_gpio.o(i.HAL_GPIO_EXTI_IRQHandler)
    HAL_GPIO_Init                            0x08000979   Thumb Code   764  stm32f1xx_hal_gpio.o(i.HAL_GPIO_Init)
    HAL_GPIO_ReadPin                         0x08000c95   Thumb Code    16  stm32f1xx_hal_gpio.o(i.HAL_GPIO_ReadPin)
    HAL_GPIO_WritePin                        0x08000ca5   Thumb Code    12  stm32f1xx_hal_gpio.o(i.HAL_GPIO_WritePin)
    HAL_GetTick                              0x08000cb1   Thumb Code     6  stm32f1xx_hal.o(i.HAL_GetTick)
    HAL_IncTick                              0x08000cbd   Thumb Code    16  stm32f1xx_hal.o(i.HAL_IncTick)
    HAL_Init                                 0x08000cd5   Thumb Code    34  stm32f1xx_hal.o(i.HAL_Init)
    HAL_InitTick                             0x08000cfd   Thumb Code    64  stm32f1xx_hal.o(i.HAL_InitTick)
    HAL_MspInit                              0x08000d49   Thumb Code    76  stm32f1xx_hal_msp.o(i.HAL_MspInit)
    HAL_NVIC_DisableIRQ                      0x08000d9d   Thumb Code    22  stm32f1xx_hal_cortex.o(i.HAL_NVIC_DisableIRQ)
    HAL_NVIC_EnableIRQ                       0x08000db9   Thumb Code    26  stm32f1xx_hal_cortex.o(i.HAL_NVIC_EnableIRQ)
    HAL_NVIC_SetPriority                     0x08000dd3   Thumb Code   124  stm32f1xx_hal_cortex.o(i.HAL_NVIC_SetPriority)
    HAL_NVIC_SetPriorityGrouping             0x08000e51   Thumb Code    32  stm32f1xx_hal_cortex.o(i.HAL_NVIC_SetPriorityGrouping)
    HAL_PWR_DisableSleepOnExit               0x08000e79   Thumb Code    14  stm32f1xx_hal_pwr.o(i.HAL_PWR_DisableSleepOnExit)
    HAL_PWR_EnableBkUpAccess                 0x08000e8d   Thumb Code     8  stm32f1xx_hal_pwr.o(i.HAL_PWR_EnableBkUpAccess)
    HAL_PWR_EnterSTOPMode                    0x08000e99   Thumb Code    74  stm32f1xx_hal_pwr.o(i.HAL_PWR_EnterSTOPMode)
    HAL_RCCEx_GetPeriphCLKFreq               0x08000eed   Thumb Code   254  stm32f1xx_hal_rcc_ex.o(i.HAL_RCCEx_GetPeriphCLKFreq)
    HAL_RCCEx_PeriphCLKConfig                0x0800100d   Thumb Code   290  stm32f1xx_hal_rcc_ex.o(i.HAL_RCCEx_PeriphCLKConfig)
    HAL_RCC_ClockConfig                      0x0800113d   Thumb Code   446  stm32f1xx_hal_rcc.o(i.HAL_RCC_ClockConfig)
    HAL_RCC_GetHCLKFreq                      0x0800130d   Thumb Code     6  stm32f1xx_hal_rcc.o(i.HAL_RCC_GetHCLKFreq)
    HAL_RCC_GetPCLK2Freq                     0x08001319   Thumb Code    22  stm32f1xx_hal_rcc.o(i.HAL_RCC_GetPCLK2Freq)
    HAL_RCC_GetSysClockFreq                  0x08001339   Thumb Code   116  stm32f1xx_hal_rcc.o(i.HAL_RCC_GetSysClockFreq)
    HAL_RCC_OscConfig                        0x080013cd   Thumb Code  1078  stm32f1xx_hal_rcc.o(i.HAL_RCC_OscConfig)
    HAL_RTCEx_RTCEventCallback               0x0800180d   Thumb Code   146  main.o(i.HAL_RTCEx_RTCEventCallback)
    HAL_RTCEx_RTCEventErrorCallback          0x080018c9   Thumb Code     2  stm32f1xx_hal_rtc_ex.o(i.HAL_RTCEx_RTCEventErrorCallback)
    HAL_RTCEx_RTCIRQHandler                  0x080018cb   Thumb Code    74  stm32f1xx_hal_rtc_ex.o(i.HAL_RTCEx_RTCIRQHandler)
    HAL_RTCEx_SetSecond_IT                   0x08001915   Thumb Code    58  stm32f1xx_hal_rtc_ex.o(i.HAL_RTCEx_SetSecond_IT)
    HAL_RTC_DeInit                           0x0800194f   Thumb Code   132  stm32f1xx_hal_rtc.o(i.HAL_RTC_DeInit)
    HAL_RTC_GetDate                          0x080019d3   Thumb Code    82  stm32f1xx_hal_rtc.o(i.HAL_RTC_GetDate)
    HAL_RTC_GetTime                          0x08001a25   Thumb Code   260  stm32f1xx_hal_rtc.o(i.HAL_RTC_GetTime)
    HAL_RTC_Init                             0x08001b29   Thumb Code   202  stm32f1xx_hal_rtc.o(i.HAL_RTC_Init)
    HAL_RTC_MspDeInit                        0x08001bf9   Thumb Code    26  stm32f1xx_hal_msp.o(i.HAL_RTC_MspDeInit)
    HAL_RTC_MspInit                          0x08001c1d   Thumb Code    68  stm32f1xx_hal_msp.o(i.HAL_RTC_MspInit)
    HAL_RTC_SetDate                          0x08001c6d   Thumb Code   242  stm32f1xx_hal_rtc.o(i.HAL_RTC_SetDate)
    HAL_RTC_SetTime                          0x08001d65   Thumb Code   214  stm32f1xx_hal_rtc.o(i.HAL_RTC_SetTime)
    HAL_RTC_WaitForSynchro                   0x08001e41   Thumb Code    64  stm32f1xx_hal_rtc.o(i.HAL_RTC_WaitForSynchro)
    HAL_SPI_Init                             0x08001e81   Thumb Code   134  stm32f1xx_hal_spi_ex.o(i.HAL_SPI_Init)
    HAL_SPI_MspInit                          0x08001f09   Thumb Code   206  stm32f1xx_hal_msp.o(i.HAL_SPI_MspInit)
    HAL_SPI_Transmit                         0x08001fed   Thumb Code   422  stm32f1xx_hal_spi.o(i.HAL_SPI_Transmit)
    HAL_SPI_TransmitReceive                  0x08002193   Thumb Code   542  stm32f1xx_hal_spi.o(i.HAL_SPI_TransmitReceive)
    HAL_SYSTICK_Config                       0x080023b1   Thumb Code    52  stm32f1xx_hal_cortex.o(i.HAL_SYSTICK_Config)
    HAL_TIMEx_BreakCallback                  0x080023e5   Thumb Code     2  stm32f1xx_hal_tim_ex.o(i.HAL_TIMEx_BreakCallback)
    HAL_TIMEx_CommutationCallback            0x080023e7   Thumb Code     2  stm32f1xx_hal_tim_ex.o(i.HAL_TIMEx_CommutationCallback)
    HAL_TIMEx_MasterConfigSynchronization    0x080023e9   Thumb Code    98  stm32f1xx_hal_tim_ex.o(i.HAL_TIMEx_MasterConfigSynchronization)
    HAL_TIM_Base_Init                        0x0800244b   Thumb Code    52  stm32f1xx_hal_tim.o(i.HAL_TIM_Base_Init)
    HAL_TIM_Base_MspInit                     0x08002481   Thumb Code    58  stm32f1xx_hal_msp.o(i.HAL_TIM_Base_MspInit)
    HAL_TIM_Base_Start_IT                    0x080024c5   Thumb Code    30  stm32f1xx_hal_tim.o(i.HAL_TIM_Base_Start_IT)
    HAL_TIM_ConfigClockSource                0x080024e3   Thumb Code   306  stm32f1xx_hal_tim.o(i.HAL_TIM_ConfigClockSource)
    HAL_TIM_IC_CaptureCallback               0x08002615   Thumb Code     2  stm32f1xx_hal_tim.o(i.HAL_TIM_IC_CaptureCallback)
    HAL_TIM_IRQHandler                       0x08002617   Thumb Code   406  stm32f1xx_hal_tim.o(i.HAL_TIM_IRQHandler)
    HAL_TIM_OC_DelayElapsedCallback          0x080027ad   Thumb Code     2  stm32f1xx_hal_tim.o(i.HAL_TIM_OC_DelayElapsedCallback)
    HAL_TIM_PWM_PulseFinishedCallback        0x080027af   Thumb Code     2  stm32f1xx_hal_tim.o(i.HAL_TIM_PWM_PulseFinishedCallback)
    HAL_TIM_PeriodElapsedCallback            0x080027b1   Thumb Code    28  main.o(i.HAL_TIM_PeriodElapsedCallback)
    HAL_TIM_TriggerCallback                  0x080027d9   Thumb Code     2  stm32f1xx_hal_tim.o(i.HAL_TIM_TriggerCallback)
    HardFault_Handler                        0x080027db   Thumb Code     4  stm32f1xx_it.o(i.HardFault_Handler)
    MemManage_Handler                        0x08002b01   Thumb Code     4  stm32f1xx_it.o(i.MemManage_Handler)
    NMI_Handler                              0x08002b05   Thumb Code     2  stm32f1xx_it.o(i.NMI_Handler)
    POWERDOWN                                0x08002b55   Thumb Code    16  nrf24.o(i.POWERDOWN)
    POWERUP                                  0x08002b65   Thumb Code    16  nrf24.o(i.POWERUP)
    PendSV_Handler                           0x08002b7b   Thumb Code     2  stm32f1xx_it.o(i.PendSV_Handler)
    RTC_IRQHandler                           0x08002d01   Thumb Code    10  stm32f1xx_it.o(i.RTC_IRQHandler)
    RX_PAYLOAD_SIZE                          0x08002e6f   Thumb Code    18  nrf24.o(i.RX_PAYLOAD_SIZE)
    RX_POWERUP                               0x08002e81   Thumb Code    26  nrf24.o(i.RX_POWERUP)
    SPI_RW                                   0x08002ec9   Thumb Code    30  nrf24.o(i.SPI_RW)
    SPI_Read_Packet                          0x08002eed   Thumb Code    64  nrf24.o(i.SPI_Read_Packet)
    SPI_Read_Reg                             0x08002f31   Thumb Code    42  nrf24.o(i.SPI_Read_Reg)
    SPI_Write_Packet                         0x0800300d   Thumb Code    66  nrf24.o(i.SPI_Write_Packet)
    SPI_Write_Reg                            0x08003055   Thumb Code    46  nrf24.o(i.SPI_Write_Reg)
    SVC_Handler                              0x08003089   Thumb Code     2  stm32f1xx_it.o(i.SVC_Handler)
    SysTick_Handler                          0x0800308b   Thumb Code     8  stm32f1xx_it.o(i.SysTick_Handler)
    SystemClock_Config                       0x08003093   Thumb Code   144  main.o(i.SystemClock_Config)
    SystemInit                               0x08003125   Thumb Code    70  system_stm32f1xx_1.o(i.SystemInit)
    TIM4_IRQHandler                          0x0800317d   Thumb Code    10  stm32f1xx_it.o(i.TIM4_IRQHandler)
    TIM_Base_SetConfig                       0x0800318d   Thumb Code   102  stm32f1xx_hal_tim.o(i.TIM_Base_SetConfig)
    UsageFault_Handler                       0x08003283   Thumb Code     4  stm32f1xx_it.o(i.UsageFault_Handler)
    __0sprintf$6                             0x08003289   Thumb Code    34  printf6.o(i.__0sprintf$6)
    __1sprintf$6                             0x08003289   Thumb Code     0  printf6.o(i.__0sprintf$6)
    __2sprintf                               0x08003289   Thumb Code     0  printf6.o(i.__0sprintf$6)
    __scatterload_copy                       0x080032b1   Thumb Code    14  handlers.o(i.__scatterload_copy)
    __scatterload_null                       0x080032bf   Thumb Code     2  handlers.o(i.__scatterload_null)
    __scatterload_zeroinit                   0x080032c1   Thumb Code    14  handlers.o(i.__scatterload_zeroinit)
    main                                     0x0800361d   Thumb Code  1692  main.o(i.main)
    nrf_init                                 0x08003cf1   Thumb Code   316  nrf24.o(i.nrf_init)
    prx                                      0x08003e31   Thumb Code    32  nrf24.o(i.prx)
    ssd1306_DrawPixel                        0x08003e55   Thumb Code   152  ssd1306.o(i.ssd1306_DrawPixel)
    ssd1306_Fill                             0x08003ef5   Thumb Code    28  ssd1306.o(i.ssd1306_Fill)
    ssd1306_Init                             0x08003f15   Thumb Code   204  ssd1306.o(i.ssd1306_Init)
    ssd1306_Reset                            0x08003fe5   Thumb Code    48  ssd1306.o(i.ssd1306_Reset)
    ssd1306_SetCursor                        0x0800401d   Thumb Code     8  ssd1306.o(i.ssd1306_SetCursor)
    ssd1306_UpdateScreen                     0x08004029   Thumb Code    52  ssd1306.o(i.ssd1306_UpdateScreen)
    ssd1306_WriteChar                        0x08004061   Thumb Code   172  ssd1306.o(i.ssd1306_WriteChar)
    ssd1306_WriteCommand                     0x08004111   Thumb Code    52  ssd1306.o(i.ssd1306_WriteCommand)
    ssd1306_WriteData                        0x0800414d   Thumb Code    54  ssd1306.o(i.ssd1306_WriteData)
    ssd1306_WriteString                      0x0800418d   Thumb Code    44  ssd1306.o(i.ssd1306_WriteString)
    string_clear                             0x080041b9   Thumb Code    20  ssd1306.o(i.string_clear)
    AHBPrescTable                            0x080069e0   Data          16  system_stm32f1xx_1.o(.constdata)
    APBPrescTable                            0x080069f0   Data           8  system_stm32f1xx_1.o(.constdata)
    Region$$Table$$Base                      0x080069f8   Number         0  anon$$obj.o(Region$$Table)
    Region$$Table$$Limit                     0x08006a18   Number         0  anon$$obj.o(Region$$Table)
    Font_7x10                                0x20000008   Data           8  ssd1306_fonts.o(.data)
    Font_11x18                               0x20000010   Data           8  ssd1306_fonts.o(.data)
    Font_16x26                               0x20000018   Data           8  ssd1306_fonts.o(.data)
    shake_int                                0x20000020   Data           1  main.o(.data)
    wake_to_sleep_t                          0x20000022   Data           2  main.o(.data)
    pwr_state                                0x20000024   Data           1  main.o(.data)
    p_pwr_state                              0x20000025   Data           1  main.o(.data)
    command                                  0x20000026   Data           1  main.o(.data)
    flag                                     0x20000027   Data           3  main.o(.data)
    tim_counter                              0x2000002a   Data           2  main.o(.data)
    res_tim_counter                          0x2000002c   Data           2  main.o(.data)
    message_num                              0x2000002e   Data           2  main.o(.data)
    message_secs                             0x20000030   Data           2  main.o(.data)
    message_subs                             0x20000032   Data           2  main.o(.data)
    read                                     0x20000034   Data           1  main.o(.data)
    rx_counter                               0x20000036   Data           2  main.o(.data)
    res_rx_counter                           0x20000038   Data           2  main.o(.data)
    tmp                                      0x2000003c   Data           4  main.o(.data)
    adc_tmp                                  0x20000040   Data           4  main.o(.data)
    adc_value                                0x20000044   Data           4  main.o(.data)
    adc_counter                              0x20000048   Data           1  main.o(.data)
    volts                                    0x20000049   Data           1  main.o(.data)
    sub_volts                                0x2000004a   Data           1  main.o(.data)
    hal_status                               0x2000004b   Data           1  main.o(.data)
    display_renew                            0x2000004c   Data           1  main.o(.data)
    sTime                                    0x2000004d   Data           3  main.o(.data)
    sDate                                    0x20000050   Data           4  main.o(.data)
    counter                                  0x20000054   Data           2  main.o(.data)
    subs                                     0x20000058   Data           4  main.o(.data)
    secs                                     0x2000005c   Data           1  main.o(.data)
    min                                      0x2000005d   Data           1  main.o(.data)
    subs_normal                              0x20000060   Data           4  main.o(.data)
    str_mins                                 0x20000064   Data           3  main.o(.data)
    str_secs                                 0x20000067   Data           3  main.o(.data)
    str_subs                                 0x2000006a   Data           4  main.o(.data)
    str_volts                                0x2000006e   Data           2  main.o(.data)
    str_subv                                 0x20000070   Data           3  main.o(.data)
    spi_rx_data                              0x20000073   Data           4  main.o(.data)
    state                                    0x20000077   Data           1  main.o(.data)
    start                                    0x20000078   Data           1  main.o(.data)
    finish                                   0x20000079   Data           1  main.o(.data)
    ts_data                                  0x2000007a   Data           4  main.o(.data)
    tr_data                                  0x2000007e   Data           4  main.o(.data)
    led_counter                              0x20000082   Data           1  main.o(.data)
    uwTick                                   0x20000084   Data           4  stm32f1xx_hal.o(.data)
    uwTickPrio                               0x20000088   Data           4  stm32f1xx_hal.o(.data)
    uwTickFreq                               0x2000008c   Data           1  stm32f1xx_hal.o(.data)
    SystemCoreClock                          0x20000090   Data           4  system_stm32f1xx_1.o(.data)
    nrf                                      0x20000494   Data          31  nrf24.o(.bss)
    hadc2                                    0x200004b4   Data          48  main.o(.bss)
    hi2c1                                    0x200004e4   Data          84  main.o(.bss)
    hrtc                                     0x20000538   Data          20  main.o(.bss)
    hspi1                                    0x2000054c   Data          88  main.o(.bss)
    hspi2                                    0x200005a4   Data          88  main.o(.bss)
    htim4                                    0x200005fc   Data          64  main.o(.bss)
    __initial_sp                             0x20000a40   Data           0  startup_stm32f103xb.o(STACK)



==============================================================================

Memory Map of the image

  Image Entry point : 0x080000ed

  Load Region LR_IROM1 (Base: 0x08000000, Size: 0x00006aac, Max: 0x00010000, ABSOLUTE)

    Execution Region ER_IROM1 (Exec base: 0x08000000, Load base: 0x08000000, Size: 0x00006a18, Max: 0x00010000, ABSOLUTE)

    Exec Addr    Load Addr    Size         Type   Attr      Idx    E Section Name        Object

    0x08000000   0x08000000   0x000000ec   Data   RO            3    RESET               startup_stm32f103xb.o
    0x080000ec   0x080000ec   0x00000000   Code   RO         3930  * .ARM.Collect$$$$00000000  mc_w.l(entry.o)
    0x080000ec   0x080000ec   0x00000004   Code   RO         4212    .ARM.Collect$$$$00000001  mc_w.l(entry2.o)
    0x080000f0   0x080000f0   0x00000004   Code   RO         4215    .ARM.Collect$$$$00000004  mc_w.l(entry5.o)
    0x080000f4   0x080000f4   0x00000000   Code   RO         4217    .ARM.Collect$$$$00000008  mc_w.l(entry7b.o)
    0x080000f4   0x080000f4   0x00000000   Code   RO         4219    .ARM.Collect$$$$0000000A  mc_w.l(entry8b.o)
    0x080000f4   0x080000f4   0x00000008   Code   RO         4220    .ARM.Collect$$$$0000000B  mc_w.l(entry9a.o)
    0x080000fc   0x080000fc   0x00000000   Code   RO         4222    .ARM.Collect$$$$0000000D  mc_w.l(entry10a.o)
    0x080000fc   0x080000fc   0x00000000   Code   RO         4224    .ARM.Collect$$$$0000000F  mc_w.l(entry11a.o)
    0x080000fc   0x080000fc   0x00000004   Code   RO         4213    .ARM.Collect$$$$00002712  mc_w.l(entry2.o)
    0x08000100   0x08000100   0x00000024   Code   RO            4    .text               startup_stm32f103xb.o
    0x08000124   0x08000124   0x00000024   Code   RO         3937    .text               mc_w.l(memseta.o)
    0x08000148   0x08000148   0x0000002c   Code   RO         4229    .text               mc_w.l(uidiv.o)
    0x08000174   0x08000174   0x00000024   Code   RO         4246    .text               mc_w.l(init.o)
    0x08000198   0x08000198   0x00000010   Code   RO          541    i.ADC1_2_IRQHandler  stm32f1xx_it.o
    0x080001a8   0x080001a8   0x00000052   Code   RO          767    i.ADC_ConversionStop_Disable  stm32f1xx_hal_adc.o
    0x080001fa   0x080001fa   0x00000002   PAD
    0x080001fc   0x080001fc   0x00000084   Code   RO          771    i.ADC_Enable        stm32f1xx_hal_adc.o
    0x08000280   0x08000280   0x00000004   Code   RO          542    i.BusFault_Handler  stm32f1xx_it.o
    0x08000284   0x08000284   0x0000004c   Code   RO          387    i.DWT_Delay_Init    dwt_stm32_delay.o
    0x080002d0   0x080002d0   0x00000030   Code   RO          261    i.DWT_Delay_us      nrf24.o
    0x08000300   0x08000300   0x00000002   Code   RO          543    i.DebugMon_Handler  stm32f1xx_it.o
    0x08000302   0x08000302   0x0000000a   Code   RO          544    i.EXTI0_IRQHandler  stm32f1xx_it.o
    0x0800030c   0x0800030c   0x0000000c   Code   RO          545    i.EXTI9_5_IRQHandler  stm32f1xx_it.o
    0x08000318   0x08000318   0x00000004   Code   RO          414    i.Error_Handler     main.o
    0x0800031c   0x0800031c   0x00000002   Code   RO          949    i.HAL_ADCEx_InjectedConvCpltCallback  stm32f1xx_hal_adc_ex.o
    0x0800031e   0x0800031e   0x00000002   PAD
    0x08000320   0x08000320   0x00000160   Code   RO          773    i.HAL_ADC_ConfigChannel  stm32f1xx_hal_adc.o
    0x08000480   0x08000480   0x00000020   Code   RO          415    i.HAL_ADC_ConvCpltCallback  main.o
    0x080004a0   0x080004a0   0x00000008   Code   RO          780    i.HAL_ADC_GetValue  stm32f1xx_hal_adc.o
    0x080004a8   0x080004a8   0x00000122   Code   RO          781    i.HAL_ADC_IRQHandler  stm32f1xx_hal_adc.o
    0x080005ca   0x080005ca   0x00000002   PAD
    0x080005cc   0x080005cc   0x00000144   Code   RO          782    i.HAL_ADC_Init      stm32f1xx_hal_adc.o
    0x08000710   0x08000710   0x00000002   Code   RO          783    i.HAL_ADC_LevelOutOfWindowCallback  stm32f1xx_hal_adc.o
    0x08000712   0x08000712   0x00000002   PAD
    0x08000714   0x08000714   0x00000080   Code   RO          648    i.HAL_ADC_MspInit   stm32f1xx_hal_msp.o
    0x08000794   0x08000794   0x0000013c   Code   RO          790    i.HAL_ADC_Start_IT  stm32f1xx_hal_adc.o
    0x080008d0   0x080008d0   0x00000014   Code   RO         2979    i.HAL_DBGMCU_EnableDBGStopMode  stm32f1xx_hal.o
    0x080008e4   0x080008e4   0x00000028   Code   RO         2981    i.HAL_Delay         stm32f1xx_hal.o
    0x0800090c   0x0800090c   0x00000050   Code   RO          416    i.HAL_GPIO_EXTI_Callback  main.o
    0x0800095c   0x0800095c   0x0000001c   Code   RO         3281    i.HAL_GPIO_EXTI_IRQHandler  stm32f1xx_hal_gpio.o
    0x08000978   0x08000978   0x0000031c   Code   RO         3282    i.HAL_GPIO_Init     stm32f1xx_hal_gpio.o
    0x08000c94   0x08000c94   0x00000010   Code   RO         3284    i.HAL_GPIO_ReadPin  stm32f1xx_hal_gpio.o
    0x08000ca4   0x08000ca4   0x0000000c   Code   RO         3286    i.HAL_GPIO_WritePin  stm32f1xx_hal_gpio.o
    0x08000cb0   0x08000cb0   0x0000000c   Code   RO         2985    i.HAL_GetTick       stm32f1xx_hal.o
    0x08000cbc   0x08000cbc   0x00000018   Code   RO         2989    i.HAL_IncTick       stm32f1xx_hal.o
    0x08000cd4   0x08000cd4   0x00000028   Code   RO         2990    i.HAL_Init          stm32f1xx_hal.o
    0x08000cfc   0x08000cfc   0x0000004c   Code   RO         2991    i.HAL_InitTick      stm32f1xx_hal.o
    0x08000d48   0x08000d48   0x00000054   Code   RO          651    i.HAL_MspInit       stm32f1xx_hal_msp.o
    0x08000d9c   0x08000d9c   0x0000001c   Code   RO         3441    i.HAL_NVIC_DisableIRQ  stm32f1xx_hal_cortex.o
    0x08000db8   0x08000db8   0x0000001a   Code   RO         3442    i.HAL_NVIC_EnableIRQ  stm32f1xx_hal_cortex.o
    0x08000dd2   0x08000dd2   0x0000007c   Code   RO         3448    i.HAL_NVIC_SetPriority  stm32f1xx_hal_cortex.o
    0x08000e4e   0x08000e4e   0x00000002   PAD
    0x08000e50   0x08000e50   0x00000028   Code   RO         3449    i.HAL_NVIC_SetPriorityGrouping  stm32f1xx_hal_cortex.o
    0x08000e78   0x08000e78   0x00000014   Code   RO         3567    i.HAL_PWR_DisableSleepOnExit  stm32f1xx_hal_pwr.o
    0x08000e8c   0x08000e8c   0x0000000c   Code   RO         3569    i.HAL_PWR_EnableBkUpAccess  stm32f1xx_hal_pwr.o
    0x08000e98   0x08000e98   0x00000054   Code   RO         3576    i.HAL_PWR_EnterSTOPMode  stm32f1xx_hal_pwr.o
    0x08000eec   0x08000eec   0x00000120   Code   RO         3244    i.HAL_RCCEx_GetPeriphCLKFreq  stm32f1xx_hal_rcc_ex.o
    0x0800100c   0x0800100c   0x00000130   Code   RO         3245    i.HAL_RCCEx_PeriphCLKConfig  stm32f1xx_hal_rcc_ex.o
    0x0800113c   0x0800113c   0x000001d0   Code   RO         3137    i.HAL_RCC_ClockConfig  stm32f1xx_hal_rcc.o
    0x0800130c   0x0800130c   0x0000000c   Code   RO         3142    i.HAL_RCC_GetHCLKFreq  stm32f1xx_hal_rcc.o
    0x08001318   0x08001318   0x00000020   Code   RO         3145    i.HAL_RCC_GetPCLK2Freq  stm32f1xx_hal_rcc.o
    0x08001338   0x08001338   0x00000094   Code   RO         3146    i.HAL_RCC_GetSysClockFreq  stm32f1xx_hal_rcc.o
    0x080013cc   0x080013cc   0x00000440   Code   RO         3149    i.HAL_RCC_OscConfig  stm32f1xx_hal_rcc.o
    0x0800180c   0x0800180c   0x000000bc   Code   RO          417    i.HAL_RTCEx_RTCEventCallback  main.o
    0x080018c8   0x080018c8   0x00000002   Code   RO         1657    i.HAL_RTCEx_RTCEventErrorCallback  stm32f1xx_hal_rtc_ex.o
    0x080018ca   0x080018ca   0x0000004a   Code   RO         1658    i.HAL_RTCEx_RTCIRQHandler  stm32f1xx_hal_rtc_ex.o
    0x08001914   0x08001914   0x0000003a   Code   RO         1659    i.HAL_RTCEx_SetSecond_IT  stm32f1xx_hal_rtc_ex.o
    0x0800194e   0x0800194e   0x00000084   Code   RO         1478    i.HAL_RTC_DeInit    stm32f1xx_hal_rtc.o
    0x080019d2   0x080019d2   0x00000052   Code   RO         1481    i.HAL_RTC_GetDate   stm32f1xx_hal_rtc.o
    0x08001a24   0x08001a24   0x00000104   Code   RO         1483    i.HAL_RTC_GetTime   stm32f1xx_hal_rtc.o
    0x08001b28   0x08001b28   0x000000d0   Code   RO         1484    i.HAL_RTC_Init      stm32f1xx_hal_rtc.o
    0x08001bf8   0x08001bf8   0x00000024   Code   RO          652    i.HAL_RTC_MspDeInit  stm32f1xx_hal_msp.o
    0x08001c1c   0x08001c1c   0x00000050   Code   RO          653    i.HAL_RTC_MspInit   stm32f1xx_hal_msp.o
    0x08001c6c   0x08001c6c   0x000000f8   Code   RO         1490    i.HAL_RTC_SetDate   stm32f1xx_hal_rtc.o
    0x08001d64   0x08001d64   0x000000dc   Code   RO         1491    i.HAL_RTC_SetTime   stm32f1xx_hal_rtc.o
    0x08001e40   0x08001e40   0x00000040   Code   RO         1492    i.HAL_RTC_WaitForSynchro  stm32f1xx_hal_rtc.o
    0x08001e80   0x08001e80   0x00000086   Code   RO         2076    i.HAL_SPI_Init      stm32f1xx_hal_spi_ex.o
    0x08001f06   0x08001f06   0x00000002   PAD
    0x08001f08   0x08001f08   0x000000e4   Code   RO          655    i.HAL_SPI_MspInit   stm32f1xx_hal_msp.o
    0x08001fec   0x08001fec   0x000001a6   Code   RO         1772    i.HAL_SPI_Transmit  stm32f1xx_hal_spi.o
    0x08002192   0x08002192   0x0000021e   Code   RO         1773    i.HAL_SPI_TransmitReceive  stm32f1xx_hal_spi.o
    0x080023b0   0x080023b0   0x00000034   Code   RO         3453    i.HAL_SYSTICK_Config  stm32f1xx_hal_cortex.o
    0x080023e4   0x080023e4   0x00000002   Code   RO         2741    i.HAL_TIMEx_BreakCallback  stm32f1xx_hal_tim_ex.o
    0x080023e6   0x080023e6   0x00000002   Code   RO         2742    i.HAL_TIMEx_CommutationCallback  stm32f1xx_hal_tim_ex.o
    0x080023e8   0x080023e8   0x00000062   Code   RO         2758    i.HAL_TIMEx_MasterConfigSynchronization  stm32f1xx_hal_tim_ex.o
    0x0800244a   0x0800244a   0x00000034   Code   RO         2102    i.HAL_TIM_Base_Init  stm32f1xx_hal_tim.o
    0x0800247e   0x0800247e   0x00000002   PAD
    0x08002480   0x08002480   0x00000044   Code   RO          657    i.HAL_TIM_Base_MspInit  stm32f1xx_hal_msp.o
    0x080024c4   0x080024c4   0x0000001e   Code   RO         2107    i.HAL_TIM_Base_Start_IT  stm32f1xx_hal_tim.o
    0x080024e2   0x080024e2   0x00000132   Code   RO         2111    i.HAL_TIM_ConfigClockSource  stm32f1xx_hal_tim.o
    0x08002614   0x08002614   0x00000002   Code   RO         2131    i.HAL_TIM_IC_CaptureCallback  stm32f1xx_hal_tim.o
    0x08002616   0x08002616   0x00000196   Code   RO         2144    i.HAL_TIM_IRQHandler  stm32f1xx_hal_tim.o
    0x080027ac   0x080027ac   0x00000002   Code   RO         2147    i.HAL_TIM_OC_DelayElapsedCallback  stm32f1xx_hal_tim.o
    0x080027ae   0x080027ae   0x00000002   Code   RO         2174    i.HAL_TIM_PWM_PulseFinishedCallback  stm32f1xx_hal_tim.o
    0x080027b0   0x080027b0   0x00000028   Code   RO          418    i.HAL_TIM_PeriodElapsedCallback  main.o
    0x080027d8   0x080027d8   0x00000002   Code   RO         2185    i.HAL_TIM_TriggerCallback  stm32f1xx_hal_tim.o
    0x080027da   0x080027da   0x00000004   Code   RO          546    i.HardFault_Handler  stm32f1xx_it.o
    0x080027de   0x080027de   0x00000002   PAD
    0x080027e0   0x080027e0   0x00000058   Code   RO          419    i.MX_ADC2_Init      main.o
    0x08002838   0x08002838   0x00000160   Code   RO          420    i.MX_GPIO_Init      main.o
    0x08002998   0x08002998   0x00000070   Code   RO          422    i.MX_RTC_Init       main.o
    0x08002a08   0x08002a08   0x00000044   Code   RO          423    i.MX_SPI1_Init      main.o
    0x08002a4c   0x08002a4c   0x00000044   Code   RO          424    i.MX_SPI2_Init      main.o
    0x08002a90   0x08002a90   0x00000070   Code   RO          425    i.MX_TIM4_Init      main.o
    0x08002b00   0x08002b00   0x00000004   Code   RO          547    i.MemManage_Handler  stm32f1xx_it.o
    0x08002b04   0x08002b04   0x00000002   Code   RO          548    i.NMI_Handler       stm32f1xx_it.o
    0x08002b06   0x08002b06   0x00000016   Code   RO          426    i.NVIC_EnableIRQ    main.o
    0x08002b1c   0x08002b1c   0x00000010   Code   RO         3455    i.NVIC_GetPriorityGrouping  stm32f1xx_hal_cortex.o
    0x08002b2c   0x08002b2c   0x00000028   Code   RO         3456    i.NVIC_SetPriority  stm32f1xx_hal_cortex.o
    0x08002b54   0x08002b54   0x00000010   Code   RO          262    i.POWERDOWN         nrf24.o
    0x08002b64   0x08002b64   0x00000010   Code   RO          263    i.POWERUP           nrf24.o
    0x08002b74   0x08002b74   0x00000006   Code   RO         3579    i.PWR_OverloadWfe   stm32f1xx_hal_pwr.o
    0x08002b7a   0x08002b7a   0x00000002   Code   RO          549    i.PendSV_Handler    stm32f1xx_it.o
    0x08002b7c   0x08002b7c   0x00000028   Code   RO         3150    i.RCC_Delay         stm32f1xx_hal_rcc.o
    0x08002ba4   0x08002ba4   0x00000016   Code   RO         1493    i.RTC_Bcd2ToByte    stm32f1xx_hal_rtc.o
    0x08002bba   0x08002bba   0x0000001a   Code   RO         1494    i.RTC_ByteToBcd2    stm32f1xx_hal_rtc.o
    0x08002bd4   0x08002bd4   0x000000b6   Code   RO         1495    i.RTC_DateUpdate    stm32f1xx_hal_rtc.o
    0x08002c8a   0x08002c8a   0x0000003a   Code   RO         1496    i.RTC_EnterInitMode  stm32f1xx_hal_rtc.o
    0x08002cc4   0x08002cc4   0x0000003a   Code   RO         1497    i.RTC_ExitInitMode  stm32f1xx_hal_rtc.o
    0x08002cfe   0x08002cfe   0x00000002   PAD
    0x08002d00   0x08002d00   0x00000010   Code   RO          550    i.RTC_IRQHandler    stm32f1xx_it.o
    0x08002d10   0x08002d10   0x00000032   Code   RO         1498    i.RTC_IsLeapYear    stm32f1xx_hal_rtc.o
    0x08002d42   0x08002d42   0x00000018   Code   RO         1499    i.RTC_ReadAlarmCounter  stm32f1xx_hal_rtc.o
    0x08002d5a   0x08002d5a   0x00000034   Code   RO         1500    i.RTC_ReadTimeCounter  stm32f1xx_hal_rtc.o
    0x08002d8e   0x08002d8e   0x00000084   Code   RO         1501    i.RTC_WeekDayNum    stm32f1xx_hal_rtc.o
    0x08002e12   0x08002e12   0x0000002e   Code   RO         1502    i.RTC_WriteAlarmCounter  stm32f1xx_hal_rtc.o
    0x08002e40   0x08002e40   0x0000002e   Code   RO         1503    i.RTC_WriteTimeCounter  stm32f1xx_hal_rtc.o
    0x08002e6e   0x08002e6e   0x00000012   Code   RO          264    i.RX_PAYLOAD_SIZE   nrf24.o
    0x08002e80   0x08002e80   0x00000020   Code   RO          265    i.RX_POWERUP        nrf24.o
    0x08002ea0   0x08002ea0   0x00000028   Code   RO         1788    i.SPI_CheckFlag_BSY  stm32f1xx_hal_spi.o
    0x08002ec8   0x08002ec8   0x00000024   Code   RO          266    i.SPI_RW            nrf24.o
    0x08002eec   0x08002eec   0x00000044   Code   RO          267    i.SPI_Read_Packet   nrf24.o
    0x08002f30   0x08002f30   0x00000030   Code   RO          268    i.SPI_Read_Reg      nrf24.o
    0x08002f60   0x08002f60   0x000000aa   Code   RO         1807    i.SPI_WaitFlagStateUntilTimeout  stm32f1xx_hal_spi.o
    0x0800300a   0x0800300a   0x00000002   PAD
    0x0800300c   0x0800300c   0x00000048   Code   RO          270    i.SPI_Write_Packet  nrf24.o
    0x08003054   0x08003054   0x00000034   Code   RO          271    i.SPI_Write_Reg     nrf24.o
    0x08003088   0x08003088   0x00000002   Code   RO          551    i.SVC_Handler       stm32f1xx_it.o
    0x0800308a   0x0800308a   0x00000008   Code   RO          552    i.SysTick_Handler   stm32f1xx_it.o
    0x08003092   0x08003092   0x00000090   Code   RO          427    i.SystemClock_Config  main.o
    0x08003122   0x08003122   0x00000002   PAD
    0x08003124   0x08003124   0x00000058   Code   RO         3897    i.SystemInit        system_stm32f1xx_1.o
    0x0800317c   0x0800317c   0x00000010   Code   RO          553    i.TIM4_IRQHandler   stm32f1xx_it.o
    0x0800318c   0x0800318c   0x00000074   Code   RO         2186    i.TIM_Base_SetConfig  stm32f1xx_hal_tim.o
    0x08003200   0x08003200   0x00000018   Code   RO         2193    i.TIM_ETR_SetConfig  stm32f1xx_hal_tim.o
    0x08003218   0x08003218   0x00000014   Code   RO         2194    i.TIM_ITRx_SetConfig  stm32f1xx_hal_tim.o
    0x0800322c   0x0800322c   0x0000002a   Code   RO         2200    i.TIM_TI1_ConfigInputStage  stm32f1xx_hal_tim.o
    0x08003256   0x08003256   0x0000002c   Code   RO         2202    i.TIM_TI2_ConfigInputStage  stm32f1xx_hal_tim.o
    0x08003282   0x08003282   0x00000004   Code   RO          554    i.UsageFault_Handler  stm32f1xx_it.o
    0x08003286   0x08003286   0x00000002   PAD
    0x08003288   0x08003288   0x00000028   Code   RO         4098    i.__0sprintf$6      mc_w.l(printf6.o)
    0x080032b0   0x080032b0   0x0000000e   Code   RO         4256    i.__scatterload_copy  mc_w.l(handlers.o)
    0x080032be   0x080032be   0x00000002   Code   RO         4257    i.__scatterload_null  mc_w.l(handlers.o)
    0x080032c0   0x080032c0   0x0000000e   Code   RO         4258    i.__scatterload_zeroinit  mc_w.l(handlers.o)
    0x080032ce   0x080032ce   0x00000002   PAD
    0x080032d0   0x080032d0   0x000002f0   Code   RO         4103    i._printf_core      mc_w.l(printf6.o)
    0x080035c0   0x080035c0   0x00000024   Code   RO         4104    i._printf_post_padding  mc_w.l(printf6.o)
    0x080035e4   0x080035e4   0x0000002e   Code   RO         4105    i._printf_pre_padding  mc_w.l(printf6.o)
    0x08003612   0x08003612   0x0000000a   Code   RO         4107    i._sputc            mc_w.l(printf6.o)
    0x0800361c   0x0800361c   0x000006d4   Code   RO          428    i.main              main.o
    0x08003cf0   0x08003cf0   0x00000140   Code   RO          274    i.nrf_init          nrf24.o
    0x08003e30   0x08003e30   0x00000024   Code   RO          275    i.prx               nrf24.o
    0x08003e54   0x08003e54   0x000000a0   Code   RO           13    i.ssd1306_DrawPixel  ssd1306.o
    0x08003ef4   0x08003ef4   0x00000020   Code   RO           14    i.ssd1306_Fill      ssd1306.o
    0x08003f14   0x08003f14   0x000000d0   Code   RO           15    i.ssd1306_Init      ssd1306.o
    0x08003fe4   0x08003fe4   0x00000038   Code   RO           16    i.ssd1306_Reset     ssd1306.o
    0x0800401c   0x0800401c   0x0000000c   Code   RO           17    i.ssd1306_SetCursor  ssd1306.o
    0x08004028   0x08004028   0x00000038   Code   RO           18    i.ssd1306_UpdateScreen  ssd1306.o
    0x08004060   0x08004060   0x000000b0   Code   RO           19    i.ssd1306_WriteChar  ssd1306.o
    0x08004110   0x08004110   0x0000003c   Code   RO           20    i.ssd1306_WriteCommand  ssd1306.o
    0x0800414c   0x0800414c   0x00000040   Code   RO           21    i.ssd1306_WriteData  ssd1306.o
    0x0800418c   0x0800418c   0x0000002c   Code   RO           22    i.ssd1306_WriteString  ssd1306.o
    0x080041b8   0x080041b8   0x00000014   Code   RO           23    i.string_clear      ssd1306.o
    0x080041cc   0x080041cc   0x00002814   Data   RO          200    .constdata          ssd1306_fonts.o
    0x080069e0   0x080069e0   0x00000018   Data   RO         3898    .constdata          system_stm32f1xx_1.o
    0x080069f8   0x080069f8   0x00000020   Data   RO         4254    Region$$Table       anon$$obj.o


    Execution Region RW_IRAM1 (Exec base: 0x20000000, Load base: 0x08006a18, Size: 0x00000a40, Max: 0x00005000, ABSOLUTE)

    Exec Addr    Load Addr    Size         Type   Attr      Idx    E Section Name        Object

    0x20000000   0x08006a18   0x00000006   Data   RW           25    .data               ssd1306.o
    0x20000006   0x08006a1e   0x00000002   PAD
    0x20000008   0x08006a20   0x00000018   Data   RW          201    .data               ssd1306_fonts.o
    0x20000020   0x08006a38   0x00000063   Data   RW          430    .data               main.o
    0x20000083   0x08006a9b   0x00000001   PAD
    0x20000084   0x08006a9c   0x00000009   Data   RW         2997    .data               stm32f1xx_hal.o
    0x2000008d   0x08006aa5   0x00000003   PAD
    0x20000090   0x08006aa8   0x00000004   Data   RW         3899    .data               system_stm32f1xx_1.o
    0x20000094        -       0x00000400   Zero   RW           24    .bss                ssd1306.o
    0x20000494        -       0x0000001f   Zero   RW          277    .bss                nrf24.o
    0x200004b3   0x08006aac   0x00000001   PAD
    0x200004b4        -       0x00000188   Zero   RW          429    .bss                main.o
    0x2000063c   0x08006aac   0x00000004   PAD
    0x20000640        -       0x00000400   Zero   RW            1    STACK               startup_stm32f103xb.o


==============================================================================

Image component sizes


      Code (inc. data)   RO Data    RW Data    ZI Data      Debug   Object Name

        76          8          0          0          0        541   dwt_stm32_delay.o
      3058        424          0         99        392      35855   main.o
       762         52          0          0         31      11361   nrf24.o
       888         54          0          6       1024     473263   ssd1306.o
         0          0      10260         24          0       1198   ssd1306_fonts.o
        36          8        236          0       1024        836   startup_stm32f103xb.o
       212         42          0          9          0       6708   stm32f1xx_hal.o
      1506         44          0          0          0       6879   stm32f1xx_hal_adc.o
         2          0          0          0          0       1149   stm32f1xx_hal_adc_ex.o
       326         28          0          0          0      27141   stm32f1xx_hal_cortex.o
       852         36          0          0          0       4070   stm32f1xx_hal_gpio.o
       624         76          0          0          0       4275   stm32f1xx_hal_msp.o
       122         20          0          0          0       2296   stm32f1xx_hal_pwr.o
      1784         98          0          0          0       5649   stm32f1xx_hal_rcc.o
       592         48          0          0          0       2509   stm32f1xx_hal_rcc_ex.o
      1910         18          0          0          0      14265   stm32f1xx_hal_rtc.o
       134          0          0          0          0       2377   stm32f1xx_hal_rtc_ex.o
      1174          0          0          0          0       4889   stm32f1xx_hal_spi.o
       134          0          0          0          0       1127   stm32f1xx_hal_spi_ex.o
      1048         14          0          0          0       9519   stm32f1xx_hal_tim.o
       102          0          0          0          0       2390   stm32f1xx_hal_tim_ex.o
       102         18          0          0          0       6565   stm32f1xx_it.o
        88         18         24          4          0       1259   system_stm32f1xx_1.o

    ----------------------------------------------------------------------
     15556       1006      10552        148       2476     626121   Object Totals
         0          0         32          0          0          0   (incl. Generated)
        24          0          0          6          5          0   (incl. Padding)

    ----------------------------------------------------------------------

      Code (inc. data)   RO Data    RW Data    ZI Data      Debug   Library Member Name

         0          0          0          0          0          0   entry.o
         0          0          0          0          0          0   entry10a.o
         0          0          0          0          0          0   entry11a.o
         8          4          0          0          0          0   entry2.o
         4          0          0          0          0          0   entry5.o
         0          0          0          0          0          0   entry7b.o
         0          0          0          0          0          0   entry8b.o
         8          4          0          0          0          0   entry9a.o
        30          0          0          0          0          0   handlers.o
        36          8          0          0          0         68   init.o
        36          0          0          0          0        108   memseta.o
       884         10          0          0          0        420   printf6.o
        44          0          0          0          0         80   uidiv.o

    ----------------------------------------------------------------------
      1052         26          0          0          0        676   Library Totals
         2          0          0          0          0          0   (incl. Padding)

    ----------------------------------------------------------------------

      Code (inc. data)   RO Data    RW Data    ZI Data      Debug   Library Name

      1050         26          0          0          0        676   mc_w.l

    ----------------------------------------------------------------------
      1052         26          0          0          0        676   Library Totals

    ----------------------------------------------------------------------

==============================================================================


      Code (inc. data)   RO Data    RW Data    ZI Data      Debug   

     16608       1032      10552        148       2476     619721   Grand Totals
     16608       1032      10552        148       2476     619721   ELF Image Totals
     16608       1032      10552        148          0          0   ROM Totals

==============================================================================

    Total RO  Size (Code + RO Data)                27160 (  26.52kB)
    Total RW  Size (RW Data + ZI Data)              2624 (   2.56kB)
    Total ROM Size (Code + RO Data + RW Data)      27308 (  26.67kB)

==============================================================================

